Archive member included to satisfy reference by file (symbol)

/usr/lib/gcc/avr/7.3.0/avr5/libgcc.a(_udivmodsi4.o)
                              build/Services/UART_Service/UART_Service.o (__udivmodsi4)
/usr/lib/gcc/avr/7.3.0/avr5/libgcc.a(_exit.o)
                              /usr/lib/gcc/avr/7.3.0/../../../avr/lib/avr5/crtatmega328p.o (exit)
/usr/lib/gcc/avr/7.3.0/avr5/libgcc.a(_copy_data.o)
                              build/OS/OsImplemetaion/Os.o (__do_copy_data)
/usr/lib/gcc/avr/7.3.0/avr5/libgcc.a(_clear_bss.o)
                              build/OS/OsImplemetaion/OS_Interrupt.o (__do_clear_bss)
/usr/lib/gcc/avr/7.3.0/../../../avr/lib/avr5/libc.a(memcpy.o)
                              build/OS/ThirdParty/Source/queue.o (memcpy)
/usr/lib/gcc/avr/7.3.0/../../../avr/lib/avr5/libc.a(memset.o)
                              build/common/QueueImplemetation/Queue.o (memset)
/usr/lib/gcc/avr/7.3.0/../../../avr/lib/avr5/libc.a(sprintf.o)
                              build/Appl/LCD_Driver/LCD_Driver.o (sprintf)
/usr/lib/gcc/avr/7.3.0/../../../avr/lib/avr5/libc.a(vfprintf_std.o)
                              /usr/lib/gcc/avr/7.3.0/../../../avr/lib/avr5/libc.a(sprintf.o) (vfprintf)
/usr/lib/gcc/avr/7.3.0/../../../avr/lib/avr5/libc.a(strnlen_P.o)
                              /usr/lib/gcc/avr/7.3.0/../../../avr/lib/avr5/libc.a(vfprintf_std.o) (strnlen_P)
/usr/lib/gcc/avr/7.3.0/../../../avr/lib/avr5/libc.a(strnlen.o)
                              /usr/lib/gcc/avr/7.3.0/../../../avr/lib/avr5/libc.a(vfprintf_std.o) (strnlen)
/usr/lib/gcc/avr/7.3.0/../../../avr/lib/avr5/libc.a(fputc.o)
                              /usr/lib/gcc/avr/7.3.0/../../../avr/lib/avr5/libc.a(vfprintf_std.o) (fputc)
/usr/lib/gcc/avr/7.3.0/../../../avr/lib/avr5/libc.a(ultoa_invert.o)
                              /usr/lib/gcc/avr/7.3.0/../../../avr/lib/avr5/libc.a(vfprintf_std.o) (__ultoa_invert)
/usr/lib/gcc/avr/7.3.0/avr5/libgcc.a(_prologue.o)
                              /usr/lib/gcc/avr/7.3.0/../../../avr/lib/avr5/libc.a(sprintf.o) (__prologue_saves__)
/usr/lib/gcc/avr/7.3.0/avr5/libgcc.a(_epilogue.o)
                              /usr/lib/gcc/avr/7.3.0/../../../avr/lib/avr5/libc.a(sprintf.o) (__epilogue_restores__)

Allocating common symbols
Common symbol       size              file

DIO_Service_PinCfg_data
                    0x1c              build/GenData/GEN_DIO_Service_DATA_CFG.o
UART_Service_UART_0_uartRxBuffer
                    0x32              build/GenData/GEN_UART_Service_DATA_CFG.o
UART_Service_UART_0_uartTxBuffer
                    0x32              build/GenData/GEN_UART_Service_DATA_CFG.o
PWM_Service_PwmCfg_data
                    0x3               build/GenData/GEN_PWM_Service_DATA_CFG.o
pu8TransmitRxData   0x2               build/HAL/SPI/SPI.o
LCD_Driver_LCD_Status
                    0x1               build/Appl/LCD_Driver/LCD_Driver.o
SPI_Service_SPI_0_spiRxBuffer
                    0xa               build/GenData/GEN_SPI_Service_DATA_CFG.o
WDT_Service_WdtCfg_data
                    0x7               build/GenData/GEN_WDT_Service_DATA_CFG.o
SPI_Service_SpiHwCfg_data
                    0xc               build/GenData/GEN_SPI_Service_DATA_CFG.o
UART_Service_UartHwCfg_data
                    0x18              build/GenData/GEN_UART_Service_DATA_CFG.o
pbTxRxDone          0x2               build/HAL/SPI/SPI.o
GPT_Service_GptCfg_data
                    0x5               build/GenData/GEN_GPT_Service_DATA_CFG.o
u8TransmitRxDataBuffer
                    0x1               build/HAL/SPI/SPI.o

Memory Configuration

Name             Origin             Length             Attributes
text             0x0000000000000000 0x0000000000008000 xr
data             0x0000000000800100 0x0000000000000800 rw !x
eeprom           0x0000000000810000 0x0000000000000400 rw !x
fuse             0x0000000000820000 0x0000000000000003 rw !x
lock             0x0000000000830000 0x0000000000000400 rw !x
signature        0x0000000000840000 0x0000000000000400 rw !x
user_signatures  0x0000000000850000 0x0000000000000400 rw !x
*default*        0x0000000000000000 0xffffffffffffffff

Linker script and memory map

Address of section .data set to 0x800100
LOAD /usr/lib/gcc/avr/7.3.0/../../../avr/lib/avr5/crtatmega328p.o
LOAD build/OS/OsImplemetaion/Os.o
LOAD build/OS/OsImplemetaion/OS_Interrupt.o
LOAD build/OS/ThirdParty/Source/timers.o
LOAD build/OS/ThirdParty/Source/queue.o
LOAD build/OS/ThirdParty/Source/portable/GCC/ATMega328/port.o
LOAD build/OS/ThirdParty/Source/portable/MemMang/heap_1.o
LOAD build/OS/ThirdParty/Source/tasks.o
LOAD build/OS/ThirdParty/Source/list.o
LOAD build/OS/ThirdParty/Source/event_groups.o
LOAD build/OS/ThirdParty/Source/croutine.o
LOAD build/OS/OsHAL/OS_HAL_Interrupt.o
LOAD build/OS/OsHAL/OsHAL.o
LOAD build/GenData/GEN_SPI_Service_DATA_CFG.o
LOAD build/GenData/GEN_GPT_Service_DATA_CFG.o
LOAD build/GenData/GEN_ADC_Service_DATA_CFG.o
LOAD build/GenData/GEN_DIO_Service_DATA_CFG.o
LOAD build/GenData/GEN_UART_Service_DATA_CFG.o
LOAD build/GenData/GEN_PWM_Service_DATA_CFG.o
LOAD build/GenData/GEN_WDT_Service_DATA_CFG.o
LOAD build/HAL/DIO/DIO.o
LOAD build/HAL/GPT/GPT.o
LOAD build/HAL/GPIO/GPIO.o
LOAD build/HAL/PWM/PWM.o
LOAD build/HAL/WDT/WDT.o
LOAD build/HAL/SPI/SPI.o
LOAD build/HAL/ADC/ADC.o
LOAD build/HAL/UART/UART.o
LOAD build/Appl/CompLedIndicator/CompLedIndicator.o
LOAD build/Appl/LCD_Driver/LCD_Driver.o
LOAD build/Services/GPT_Service/GPT_Service.o
LOAD build/Services/UART_Service/UART_Service.o
LOAD build/Services/SPI_Service/SPI_Service.o
LOAD build/Services/IO_Service/IO_Service.o
LOAD build/Services/DIO_Service/DIO_Service.o
LOAD build/Services/ADC_Service/ADC_Service.o
LOAD build/Services/WDT_Service/WDT_Service.o
LOAD build/Services/PWM_Service/PWM_Service.o
LOAD build/common/QueueImplemetation/Queue.o
START GROUP
LOAD /usr/lib/gcc/avr/7.3.0/avr5/libgcc.a
LOAD /usr/lib/gcc/avr/7.3.0/../../../avr/lib/avr5/libm.a
LOAD /usr/lib/gcc/avr/7.3.0/../../../avr/lib/avr5/libc.a
LOAD /usr/lib/gcc/avr/7.3.0/../../../avr/lib/avr5/libatmega328p.a
END GROUP
                0x0000000000000000                __TEXT_REGION_ORIGIN__ = DEFINED (__TEXT_REGION_ORIGIN__)?__TEXT_REGION_ORIGIN__:0x0
                [0x0000000000800100]                __DATA_REGION_ORIGIN__ = DEFINED (__DATA_REGION_ORIGIN__)?__DATA_REGION_ORIGIN__:0x800060
                [0x0000000000008000]                __TEXT_REGION_LENGTH__ = DEFINED (__TEXT_REGION_LENGTH__)?__TEXT_REGION_LENGTH__:0x20000
                [0x0000000000000800]                __DATA_REGION_LENGTH__ = DEFINED (__DATA_REGION_LENGTH__)?__DATA_REGION_LENGTH__:0xffa0
                [0x0000000000000400]                __EEPROM_REGION_LENGTH__ = DEFINED (__EEPROM_REGION_LENGTH__)?__EEPROM_REGION_LENGTH__:0x10000
                [0x0000000000000003]                __FUSE_REGION_LENGTH__ = DEFINED (__FUSE_REGION_LENGTH__)?__FUSE_REGION_LENGTH__:0x400
                0x0000000000000400                __LOCK_REGION_LENGTH__ = DEFINED (__LOCK_REGION_LENGTH__)?__LOCK_REGION_LENGTH__:0x400
                0x0000000000000400                __SIGNATURE_REGION_LENGTH__ = DEFINED (__SIGNATURE_REGION_LENGTH__)?__SIGNATURE_REGION_LENGTH__:0x400
                0x0000000000000400                __USER_SIGNATURE_REGION_LENGTH__ = DEFINED (__USER_SIGNATURE_REGION_LENGTH__)?__USER_SIGNATURE_REGION_LENGTH__:0x400

.hash
 *(.hash)

.dynsym
 *(.dynsym)

.dynstr
 *(.dynstr)

.gnu.version
 *(.gnu.version)

.gnu.version_d
 *(.gnu.version_d)

.gnu.version_r
 *(.gnu.version_r)

.rel.init
 *(.rel.init)

.rela.init
 *(.rela.init)

.rel.text
 *(.rel.text)
 *(.rel.text.*)
 *(.rel.gnu.linkonce.t*)

.rela.text
 *(.rela.text)
 *(.rela.text.*)
 *(.rela.gnu.linkonce.t*)

.rel.fini
 *(.rel.fini)

.rela.fini
 *(.rela.fini)

.rel.rodata
 *(.rel.rodata)
 *(.rel.rodata.*)
 *(.rel.gnu.linkonce.r*)

.rela.rodata
 *(.rela.rodata)
 *(.rela.rodata.*)
 *(.rela.gnu.linkonce.r*)

.rel.data
 *(.rel.data)
 *(.rel.data.*)
 *(.rel.gnu.linkonce.d*)

.rela.data
 *(.rela.data)
 *(.rela.data.*)
 *(.rela.gnu.linkonce.d*)

.rel.ctors
 *(.rel.ctors)

.rela.ctors
 *(.rela.ctors)

.rel.dtors
 *(.rel.dtors)

.rela.dtors
 *(.rela.dtors)

.rel.got
 *(.rel.got)

.rela.got
 *(.rela.got)

.rel.bss
 *(.rel.bss)

.rela.bss
 *(.rela.bss)

.rel.plt
 *(.rel.plt)

.rela.plt
 *(.rela.plt)

.text           0x0000000000000000     0x3638
 *(.vectors)
 .vectors       0x0000000000000000       0x68 /usr/lib/gcc/avr/7.3.0/../../../avr/lib/avr5/crtatmega328p.o
                0x0000000000000000                __vectors
                0x0000000000000000                __vector_default
 *(.vectors)
 *(.progmem.gcc*)
                0x0000000000000068                . = ALIGN (0x2)
                0x0000000000000068                __trampolines_start = .
 *(.trampolines)
 .trampolines   0x0000000000000068        0x0 linker stubs
 *(.trampolines*)
                0x0000000000000068                __trampolines_end = .
 *libprintf_flt.a:*(.progmem.data)
 *libc.a:*(.progmem.data)
 *(.progmem*)
                0x0000000000000068                . = ALIGN (0x2)
 *(.jumptables)
 *(.jumptables*)
 *(.lowtext)
 *(.lowtext*)
                0x0000000000000068                __ctors_start = .
 *(.ctors)
                0x0000000000000068                __ctors_end = .
                0x0000000000000068                __dtors_start = .
 *(.dtors)
                0x0000000000000068                __dtors_end = .
 SORT(*)(.ctors)
 SORT(*)(.dtors)
 *(.init0)
 .init0         0x0000000000000068        0x0 /usr/lib/gcc/avr/7.3.0/../../../avr/lib/avr5/crtatmega328p.o
                0x0000000000000068                __init
 *(.init0)
 *(.init1)
 *(.init1)
 *(.init2)
 .init2         0x0000000000000068        0xc /usr/lib/gcc/avr/7.3.0/../../../avr/lib/avr5/crtatmega328p.o
 *(.init2)
 *(.init3)
 *(.init3)
 *(.init4)
 .init4         0x0000000000000074       0x16 /usr/lib/gcc/avr/7.3.0/avr5/libgcc.a(_copy_data.o)
                0x0000000000000074                __do_copy_data
 .init4         0x000000000000008a       0x10 /usr/lib/gcc/avr/7.3.0/avr5/libgcc.a(_clear_bss.o)
                0x000000000000008a                __do_clear_bss
 *(.init4)
 *(.init5)
 *(.init5)
 *(.init6)
 *(.init6)
 *(.init7)
 *(.init7)
 *(.init8)
 *(.init8)
 *(.init9)
 .init9         0x000000000000009a        0x8 /usr/lib/gcc/avr/7.3.0/../../../avr/lib/avr5/crtatmega328p.o
 *(.init9)
 *(.text)
 .text          0x00000000000000a2        0x4 /usr/lib/gcc/avr/7.3.0/../../../avr/lib/avr5/crtatmega328p.o
                0x00000000000000a2                __vector_22
                0x00000000000000a2                __vector_1
                0x00000000000000a2                __vector_24
                0x00000000000000a2                __vector_12
                0x00000000000000a2                __bad_interrupt
                0x00000000000000a2                __vector_6
                0x00000000000000a2                __vector_3
                0x00000000000000a2                __vector_23
                0x00000000000000a2                __vector_25
                0x00000000000000a2                __vector_13
                0x00000000000000a2                __vector_19
                0x00000000000000a2                __vector_7
                0x00000000000000a2                __vector_5
                0x00000000000000a2                __vector_4
                0x00000000000000a2                __vector_9
                0x00000000000000a2                __vector_2
                0x00000000000000a2                __vector_21
                0x00000000000000a2                __vector_15
                0x00000000000000a2                __vector_8
                0x00000000000000a2                __vector_14
                0x00000000000000a2                __vector_10
                0x00000000000000a2                __vector_16
                0x00000000000000a2                __vector_20
 .text          0x00000000000000a6       0x74 build/OS/OsImplemetaion/Os.o
                0x00000000000000a6                OS_Task_10ms_Prio2
                0x00000000000000e2                OS_Task_200ms_Prio1
 .text          0x000000000000011a       0x26 build/OS/OsImplemetaion/OS_Interrupt.o
                0x000000000000011a                OS_Interrupt_DisableGlobal
                0x000000000000012c                OS_Interrupt_EnableGlobal
 .text          0x0000000000000140        0x0 build/OS/ThirdParty/Source/timers.o
 .text          0x0000000000000140      0x5fc build/OS/ThirdParty/Source/queue.o
                0x0000000000000286                xQueueGenericReset
                0x00000000000002fa                xQueueGenericCreate
                0x000000000000034a                xQueueGenericSend
                0x000000000000047c                xQueueGenericSendFromISR
                0x00000000000004d8                xQueueGiveFromISR
                0x0000000000000524                xQueueGenericReceive
                0x000000000000066a                xQueueReceiveFromISR
                0x00000000000006c6                xQueuePeekFromISR
                0x00000000000006f4                uxQueueMessagesWaiting
                0x0000000000000704                uxQueueSpacesAvailable
                0x0000000000000718                uxQueueMessagesWaitingFromISR
                0x000000000000071e                vQueueDelete
                0x0000000000000722                xQueueIsQueueEmptyFromISR
                0x000000000000072e                xQueueIsQueueFullFromISR
 .text          0x000000000000073c      0x2ca build/OS/ThirdParty/Source/portable/GCC/ATMega328/port.o
                0x000000000000073c                pxPortInitialiseStack
                0x0000000000000814                xPortStartScheduler
                0x0000000000000894                vPortEndScheduler
                0x0000000000000896                vPortYield
                0x0000000000000948                vPortYieldFromTick
                0x0000000000000a00                __vector_11
 .text          0x0000000000000a06       0x88 build/OS/ThirdParty/Source/portable/MemMang/heap_1.o
                0x0000000000000a06                pvPortMalloc
                0x0000000000000a70                vPortFree
                0x0000000000000a72                vPortInitialiseBlocks
                0x0000000000000a7c                xPortGetFreeHeapSize
 .text          0x0000000000000a8e      0xcc2 build/OS/ThirdParty/Source/tasks.o
                0x0000000000000b00                xTaskGenericCreate
                0x0000000000000cf4                vTaskStartScheduler
                0x0000000000000d58                vTaskEndScheduler
                0x0000000000000d62                vTaskSuspendAll
                0x0000000000000d6e                xTaskGetTickCount
                0x0000000000000d82                xTaskGetTickCountFromISR
                0x0000000000000d8c                uxTaskGetNumberOfTasks
                0x0000000000000d92                xTaskIncrementTick
                0x0000000000000f1a                xTaskResumeAll
                0x0000000000000ff6                vTaskDelayUntil
                0x000000000000106a                vTaskSwitchContext
                0x00000000000010fe                vTaskPlaceOnEventList
                0x0000000000001136                vTaskPlaceOnUnorderedEventList
                0x000000000000117c                xTaskRemoveFromEventList
                0x00000000000011fa                xTaskRemoveFromUnorderedEventList
                0x0000000000001262                vTaskSetTimeOutState
                0x0000000000001278                xTaskCheckForTimeOut
                0x00000000000012d0                vTaskMissedYield
                0x00000000000012d8                uxTaskResetEventItemValue
                0x0000000000001306                ulTaskNotifyTake
                0x00000000000013d0                xTaskNotifyWait
                0x00000000000014f6                xTaskNotify
                0x00000000000015c2                xTaskNotifyFromISR
                0x00000000000016ac                vTaskNotifyGiveFromISR
 .text          0x0000000000001750      0x116 build/OS/ThirdParty/Source/list.o
                0x0000000000001750                vListInitialise
                0x000000000000176c                vListInitialiseItem
                0x0000000000001774                vListInsertEnd
                0x00000000000017b4                vListInsert
                0x0000000000001820                uxListRemove
 .text          0x0000000000001866      0x2e2 build/OS/ThirdParty/Source/event_groups.o
                0x0000000000001866                xEventGroupCreate
                0x000000000000188c                xEventGroupWaitBits
                0x0000000000001978                xEventGroupClearBits
                0x0000000000001996                xEventGroupGetBitsFromISR
                0x000000000000199e                xEventGroupSetBits
                0x0000000000001a38                xEventGroupSync
                0x0000000000001b10                vEventGroupDelete
                0x0000000000001b3c                vEventGroupSetBitsCallback
                0x0000000000001b42                vEventGroupClearBitsCallback
 .text          0x0000000000001b48      0x3ac build/OS/ThirdParty/Source/croutine.o
                0x0000000000001b48                xCoRoutineCreate
                0x0000000000001c2a                vCoRoutineAddToDelayedList
                0x0000000000001cae                vCoRoutineSchedule
                0x0000000000001eac                xCoRoutineRemoveFromEventList
 .text          0x0000000000001ef4        0x8 build/OS/OsHAL/OS_HAL_Interrupt.o
                0x0000000000001ef4                OS_HAL_Interrupt_DisableGlobal
                0x0000000000001ef8                OS_HAL_Interrupt_EnableGlobal
 .text          0x0000000000001efc       0x48 build/OS/OsHAL/OsHAL.o
                0x0000000000001efc                OsHAL_CreateTask
 .text          0x0000000000001f44       0x1a build/GenData/GEN_SPI_Service_DATA_CFG.o
                0x0000000000001f44                SPI_Service_SpiHwCfg_data_INIT_FUNC
 .text          0x0000000000001f5e       0x14 build/GenData/GEN_GPT_Service_DATA_CFG.o
                0x0000000000001f5e                GPT_Service_GptCfg_data_INIT_FUNC
 .text          0x0000000000001f72        0x4 build/GenData/GEN_ADC_Service_DATA_CFG.o
                0x0000000000001f72                ADC_Service_AdcHwCfg_data_INIT_FUNC
                0x0000000000001f74                ADC_Service_AdcPinCfg_data_INIT_FUNC
 .text          0x0000000000001f76       0x4a build/GenData/GEN_DIO_Service_DATA_CFG.o
                0x0000000000001f76                DIO_Service_PinCfg_data_INIT_FUNC
 .text          0x0000000000001fc0       0x32 build/GenData/GEN_UART_Service_DATA_CFG.o
                0x0000000000001fc0                UART_Service_UartHwCfg_data_INIT_FUNC
 .text          0x0000000000001ff2        0xe build/GenData/GEN_PWM_Service_DATA_CFG.o
                0x0000000000001ff2                PWM_Service_PwmCfg_data_INIT_FUNC
 .text          0x0000000000002000       0x1c build/GenData/GEN_WDT_Service_DATA_CFG.o
                0x0000000000002000                WDT_Service_WdtCfg_data_INIT_FUNC
 .text          0x000000000000201c       0x76 build/HAL/DIO/DIO.o
                0x000000000000201c                DIO_Init_PIN
 .text          0x0000000000002092       0xb4 build/HAL/GPT/GPT.o
                0x0000000000002092                GPT_Init_Timer
                0x000000000000212e                GPT_Timer_Set_Compare_Value
 .text          0x0000000000002146       0x76 build/HAL/GPIO/GPIO.o
                0x0000000000002146                GPIO_Init_PIN
 .text          0x00000000000021bc       0x34 build/HAL/PWM/PWM.o
                0x00000000000021bc                PWM_Init_Pin
 .text          0x00000000000021f0       0xe6 build/HAL/WDT/WDT.o
                0x00000000000021f0                WDT_Disable
                0x0000000000002208                WDT_Enable
                0x000000000000222a                WDT_SetPrescalar
                0x00000000000022ce                WDT_Init
                0x00000000000022d2                WDT_Reset
 .text          0x00000000000022d6      0x130 build/HAL/SPI/SPI.o
                0x00000000000022d6                SPI_MasterInit
                0x0000000000002318                SPI_SlaveInit
                0x0000000000002348                SPI_Send
                0x000000000000236c                __vector_17
 .text          0x0000000000002406       0x70 build/HAL/ADC/ADC.o
                0x0000000000002406                ADC_Enable_ADC
                0x000000000000243c                ADC_Start_Measurement
 .text          0x0000000000002476       0x8e build/HAL/UART/UART.o
                0x0000000000002476                UART_Init
                0x00000000000024a0                UART_putc
                0x00000000000024b4                __vector_18
 .text          0x0000000000002504       0xd6 build/Appl/CompLedIndicator/CompLedIndicator.o
                0x0000000000002504                CompLedIndicator_Init
                0x000000000000255a                CompLedIndicator_Cyclic
 .text          0x00000000000025da      0x1f6 build/Appl/LCD_Driver/LCD_Driver.o
                0x0000000000002688                LCD_Driver_LCD_Clear
                0x000000000000269e                LCD_Driver_LCD_Begin
                0x000000000000271e                LCD_Driver_LCD_SetCursor
                0x0000000000002732                LCD_Driver_LCD_WriteString
                0x000000000000275e                LCD_Driver_LCD_WriteNumber
                0x00000000000027ca                LCD_Driver_Init
 .text          0x00000000000027d0       0x50 build/Services/GPT_Service/GPT_Service.o
                0x00000000000027d0                GPT_Service_Init
                0x00000000000027f0                GPT_Service_Set_Compare_Value
 .text          0x0000000000002820      0x15e build/Services/UART_Service/UART_Service.o
                0x0000000000002820                UART_Service_Init
                0x000000000000287c                UART_Service_Cyclic
                0x00000000000028c0                UART_Service_Transmit
                0x00000000000028f2                UART_Service_Read
                0x0000000000002964                UART_Service_UART_Receive
 .text          0x000000000000297e      0x140 build/Services/SPI_Service/SPI_Service.o
                0x000000000000297e                SPI_Service_Init
                0x00000000000029b8                SPI_Service_Transmit
                0x0000000000002a5c                SPI_Service_GetReceived
 .text          0x0000000000002abe      0x140 build/Services/IO_Service/IO_Service.o
                0x0000000000002abe                IO_Service_Init
                0x0000000000002ae0                IO_Service_Read_Pin
                0x0000000000002b3c                IO_Service_Set_Pin
                0x0000000000002bb6                IO_Service_Toggle_Pin
 .text          0x0000000000002bfe      0x1e6 build/Services/DIO_Service/DIO_Service.o
                0x0000000000002bfe                DIO_Service_Set_Pin
                0x0000000000002c7c                DIO_Service_Read_Pin
                0x0000000000002cdc                DIO_Service_Write_Pin
                0x0000000000002d7a                DIO_Service_Init
                0x0000000000002db2                DIO_Service_Toggle_Pin
 .text          0x0000000000002de4        0x8 build/Services/ADC_Service/ADC_Service.o
                0x0000000000002de4                ADC_Service_Init
                0x0000000000002de6                ADC_Service_Cyclic
                0x0000000000002de8                ADC_Service_Read_Pin
 .text          0x0000000000002dec       0x74 build/Services/WDT_Service/WDT_Service.o
                0x0000000000002dec                WDT_Service_Disable
                0x0000000000002e06                WDT_Service_Enable
                0x0000000000002e22                WDT_Service_Init
                0x0000000000002e4c                WDT_Service_SetPrescalar
                0x0000000000002e50                WDT_Service_Cyclic
 .text          0x0000000000002e60       0x32 build/Services/PWM_Service/PWM_Service.o
                0x0000000000002e60                PWM_Service_Init
                0x0000000000002e70                PWM_Service_Set_Pin
 .text          0x0000000000002e92      0x150 build/common/QueueImplemetation/Queue.o
                0x0000000000002e92                Queue_Clear
                0x0000000000002eb4                Queue_Init
                0x0000000000002ec0                Queue_Put
                0x0000000000002f02                Queue_PutData
                0x0000000000002f52                Queue_Pop
                0x0000000000002f96                Queue_Peek
                0x0000000000002fc0                Queue_Length
                0x0000000000002fd4                Queue_IsEmpty
 .text          0x0000000000002fe2        0x0 /usr/lib/gcc/avr/7.3.0/avr5/libgcc.a(_udivmodsi4.o)
 .text          0x0000000000002fe2        0x0 /usr/lib/gcc/avr/7.3.0/avr5/libgcc.a(_exit.o)
 .text          0x0000000000002fe2        0x0 /usr/lib/gcc/avr/7.3.0/avr5/libgcc.a(_copy_data.o)
 .text          0x0000000000002fe2        0x0 /usr/lib/gcc/avr/7.3.0/avr5/libgcc.a(_clear_bss.o)
 .text          0x0000000000002fe2        0x0 /usr/lib/gcc/avr/7.3.0/../../../avr/lib/avr5/libc.a(memcpy.o)
 .text          0x0000000000002fe2        0x0 /usr/lib/gcc/avr/7.3.0/../../../avr/lib/avr5/libc.a(memset.o)
 .text          0x0000000000002fe2        0x0 /usr/lib/gcc/avr/7.3.0/../../../avr/lib/avr5/libc.a(sprintf.o)
 .text          0x0000000000002fe2        0x0 /usr/lib/gcc/avr/7.3.0/../../../avr/lib/avr5/libc.a(vfprintf_std.o)
 .text          0x0000000000002fe2        0x0 /usr/lib/gcc/avr/7.3.0/../../../avr/lib/avr5/libc.a(strnlen_P.o)
 .text          0x0000000000002fe2        0x0 /usr/lib/gcc/avr/7.3.0/../../../avr/lib/avr5/libc.a(strnlen.o)
 .text          0x0000000000002fe2        0x0 /usr/lib/gcc/avr/7.3.0/../../../avr/lib/avr5/libc.a(fputc.o)
 .text          0x0000000000002fe2        0x0 /usr/lib/gcc/avr/7.3.0/../../../avr/lib/avr5/libc.a(ultoa_invert.o)
 .text          0x0000000000002fe2        0x0 /usr/lib/gcc/avr/7.3.0/avr5/libgcc.a(_prologue.o)
 .text          0x0000000000002fe2        0x0 /usr/lib/gcc/avr/7.3.0/avr5/libgcc.a(_epilogue.o)
                0x0000000000002fe2                . = ALIGN (0x2)
 *(.text.*)
 .text.startup  0x0000000000002fe2       0x3e build/OS/OsImplemetaion/Os.o
                0x0000000000002fe2                main
 .text.libgcc.mul
                0x0000000000003020        0x0 /usr/lib/gcc/avr/7.3.0/avr5/libgcc.a(_udivmodsi4.o)
 .text.libgcc.div
                0x0000000000003020       0x44 /usr/lib/gcc/avr/7.3.0/avr5/libgcc.a(_udivmodsi4.o)
                0x0000000000003020                __udivmodsi4
 .text.libgcc   0x0000000000003064        0x0 /usr/lib/gcc/avr/7.3.0/avr5/libgcc.a(_udivmodsi4.o)
 .text.libgcc.prologue
                0x0000000000003064        0x0 /usr/lib/gcc/avr/7.3.0/avr5/libgcc.a(_udivmodsi4.o)
 .text.libgcc.builtins
                0x0000000000003064        0x0 /usr/lib/gcc/avr/7.3.0/avr5/libgcc.a(_udivmodsi4.o)
 .text.libgcc.fmul
                0x0000000000003064        0x0 /usr/lib/gcc/avr/7.3.0/avr5/libgcc.a(_udivmodsi4.o)
 .text.libgcc.fixed
                0x0000000000003064        0x0 /usr/lib/gcc/avr/7.3.0/avr5/libgcc.a(_udivmodsi4.o)
 .text.libgcc.mul
                0x0000000000003064        0x0 /usr/lib/gcc/avr/7.3.0/avr5/libgcc.a(_exit.o)
 .text.libgcc.div
                0x0000000000003064        0x0 /usr/lib/gcc/avr/7.3.0/avr5/libgcc.a(_exit.o)
 .text.libgcc   0x0000000000003064        0x0 /usr/lib/gcc/avr/7.3.0/avr5/libgcc.a(_exit.o)
 .text.libgcc.prologue
                0x0000000000003064        0x0 /usr/lib/gcc/avr/7.3.0/avr5/libgcc.a(_exit.o)
 .text.libgcc.builtins
                0x0000000000003064        0x0 /usr/lib/gcc/avr/7.3.0/avr5/libgcc.a(_exit.o)
 .text.libgcc.fmul
                0x0000000000003064        0x0 /usr/lib/gcc/avr/7.3.0/avr5/libgcc.a(_exit.o)
 .text.libgcc.fixed
                0x0000000000003064        0x0 /usr/lib/gcc/avr/7.3.0/avr5/libgcc.a(_exit.o)
 .text.libgcc.mul
                0x0000000000003064        0x0 /usr/lib/gcc/avr/7.3.0/avr5/libgcc.a(_copy_data.o)
 .text.libgcc.div
                0x0000000000003064        0x0 /usr/lib/gcc/avr/7.3.0/avr5/libgcc.a(_copy_data.o)
 .text.libgcc   0x0000000000003064        0x0 /usr/lib/gcc/avr/7.3.0/avr5/libgcc.a(_copy_data.o)
 .text.libgcc.prologue
                0x0000000000003064        0x0 /usr/lib/gcc/avr/7.3.0/avr5/libgcc.a(_copy_data.o)
 .text.libgcc.builtins
                0x0000000000003064        0x0 /usr/lib/gcc/avr/7.3.0/avr5/libgcc.a(_copy_data.o)
 .text.libgcc.fmul
                0x0000000000003064        0x0 /usr/lib/gcc/avr/7.3.0/avr5/libgcc.a(_copy_data.o)
 .text.libgcc.fixed
                0x0000000000003064        0x0 /usr/lib/gcc/avr/7.3.0/avr5/libgcc.a(_copy_data.o)
 .text.libgcc.mul
                0x0000000000003064        0x0 /usr/lib/gcc/avr/7.3.0/avr5/libgcc.a(_clear_bss.o)
 .text.libgcc.div
                0x0000000000003064        0x0 /usr/lib/gcc/avr/7.3.0/avr5/libgcc.a(_clear_bss.o)
 .text.libgcc   0x0000000000003064        0x0 /usr/lib/gcc/avr/7.3.0/avr5/libgcc.a(_clear_bss.o)
 .text.libgcc.prologue
                0x0000000000003064        0x0 /usr/lib/gcc/avr/7.3.0/avr5/libgcc.a(_clear_bss.o)
 .text.libgcc.builtins
                0x0000000000003064        0x0 /usr/lib/gcc/avr/7.3.0/avr5/libgcc.a(_clear_bss.o)
 .text.libgcc.fmul
                0x0000000000003064        0x0 /usr/lib/gcc/avr/7.3.0/avr5/libgcc.a(_clear_bss.o)
 .text.libgcc.fixed
                0x0000000000003064        0x0 /usr/lib/gcc/avr/7.3.0/avr5/libgcc.a(_clear_bss.o)
 .text.avr-libc
                0x0000000000003064       0x12 /usr/lib/gcc/avr/7.3.0/../../../avr/lib/avr5/libc.a(memcpy.o)
                0x0000000000003064                memcpy
 .text.avr-libc
                0x0000000000003076        0xe /usr/lib/gcc/avr/7.3.0/../../../avr/lib/avr5/libc.a(memset.o)
                0x0000000000003076                memset
 .text.avr-libc
                0x0000000000003084       0x46 /usr/lib/gcc/avr/7.3.0/../../../avr/lib/avr5/libc.a(sprintf.o)
                0x0000000000003084                sprintf
 .text.avr-libc
                0x00000000000030ca      0x3b4 /usr/lib/gcc/avr/7.3.0/../../../avr/lib/avr5/libc.a(vfprintf_std.o)
                0x00000000000030ca                vfprintf
 .text.avr-libc
                0x000000000000347e       0x16 /usr/lib/gcc/avr/7.3.0/../../../avr/lib/avr5/libc.a(strnlen_P.o)
                0x000000000000347e                strnlen_P
 .text.avr-libc
                0x0000000000003494       0x16 /usr/lib/gcc/avr/7.3.0/../../../avr/lib/avr5/libc.a(strnlen.o)
                0x0000000000003494                strnlen
 .text.avr-libc
                0x00000000000034aa       0x60 /usr/lib/gcc/avr/7.3.0/../../../avr/lib/avr5/libc.a(fputc.o)
                0x00000000000034aa                fputc
 .text.avr-libc
                0x000000000000350a       0xbc /usr/lib/gcc/avr/7.3.0/../../../avr/lib/avr5/libc.a(ultoa_invert.o)
                0x000000000000350a                __ultoa_invert
 .text.libgcc.mul
                0x00000000000035c6        0x0 /usr/lib/gcc/avr/7.3.0/avr5/libgcc.a(_prologue.o)
 .text.libgcc.div
                0x00000000000035c6        0x0 /usr/lib/gcc/avr/7.3.0/avr5/libgcc.a(_prologue.o)
 .text.libgcc   0x00000000000035c6        0x0 /usr/lib/gcc/avr/7.3.0/avr5/libgcc.a(_prologue.o)
 .text.libgcc.prologue
                0x00000000000035c6       0x38 /usr/lib/gcc/avr/7.3.0/avr5/libgcc.a(_prologue.o)
                0x00000000000035c6                __prologue_saves__
 .text.libgcc.builtins
                0x00000000000035fe        0x0 /usr/lib/gcc/avr/7.3.0/avr5/libgcc.a(_prologue.o)
 .text.libgcc.fmul
                0x00000000000035fe        0x0 /usr/lib/gcc/avr/7.3.0/avr5/libgcc.a(_prologue.o)
 .text.libgcc.fixed
                0x00000000000035fe        0x0 /usr/lib/gcc/avr/7.3.0/avr5/libgcc.a(_prologue.o)
 .text.libgcc.mul
                0x00000000000035fe        0x0 /usr/lib/gcc/avr/7.3.0/avr5/libgcc.a(_epilogue.o)
 .text.libgcc.div
                0x00000000000035fe        0x0 /usr/lib/gcc/avr/7.3.0/avr5/libgcc.a(_epilogue.o)
 .text.libgcc   0x00000000000035fe        0x0 /usr/lib/gcc/avr/7.3.0/avr5/libgcc.a(_epilogue.o)
 .text.libgcc.prologue
                0x00000000000035fe       0x36 /usr/lib/gcc/avr/7.3.0/avr5/libgcc.a(_epilogue.o)
                0x00000000000035fe                __epilogue_restores__
 .text.libgcc.builtins
                0x0000000000003634        0x0 /usr/lib/gcc/avr/7.3.0/avr5/libgcc.a(_epilogue.o)
 .text.libgcc.fmul
                0x0000000000003634        0x0 /usr/lib/gcc/avr/7.3.0/avr5/libgcc.a(_epilogue.o)
 .text.libgcc.fixed
                0x0000000000003634        0x0 /usr/lib/gcc/avr/7.3.0/avr5/libgcc.a(_epilogue.o)
                0x0000000000003634                . = ALIGN (0x2)
 *(.fini9)
 .fini9         0x0000000000003634        0x0 /usr/lib/gcc/avr/7.3.0/avr5/libgcc.a(_exit.o)
                0x0000000000003634                exit
                0x0000000000003634                _exit
 *(.fini9)
 *(.fini8)
 *(.fini8)
 *(.fini7)
 *(.fini7)
 *(.fini6)
 *(.fini6)
 *(.fini5)
 *(.fini5)
 *(.fini4)
 *(.fini4)
 *(.fini3)
 *(.fini3)
 *(.fini2)
 *(.fini2)
 *(.fini1)
 *(.fini1)
 *(.fini0)
 .fini0         0x0000000000003634        0x4 /usr/lib/gcc/avr/7.3.0/avr5/libgcc.a(_exit.o)
 *(.fini0)
                0x0000000000003638                _etext = .

.data           0x0000000000800100       0x6c load address 0x0000000000003638
                0x0000000000800100                PROVIDE (__data_start, .)
 *(.data)
 .data          0x0000000000800100        0x0 /usr/lib/gcc/avr/7.3.0/../../../avr/lib/avr5/crtatmega328p.o
 .data          0x0000000000800100        0x0 build/OS/OsImplemetaion/Os.o
 .data          0x0000000000800100        0x0 build/OS/OsImplemetaion/OS_Interrupt.o
 .data          0x0000000000800100        0x0 build/OS/ThirdParty/Source/timers.o
 .data          0x0000000000800100        0x0 build/OS/ThirdParty/Source/queue.o
 .data          0x0000000000800100        0x0 build/OS/ThirdParty/Source/portable/GCC/ATMega328/port.o
 .data          0x0000000000800100        0x0 build/OS/ThirdParty/Source/portable/MemMang/heap_1.o
 .data          0x0000000000800100        0x2 build/OS/ThirdParty/Source/tasks.o
 .data          0x0000000000800102        0x0 build/OS/ThirdParty/Source/list.o
 .data          0x0000000000800102        0x0 build/OS/ThirdParty/Source/event_groups.o
 .data          0x0000000000800102        0x0 build/OS/ThirdParty/Source/croutine.o
 .data          0x0000000000800102        0x0 build/OS/OsHAL/OS_HAL_Interrupt.o
 .data          0x0000000000800102        0x0 build/OS/OsHAL/OsHAL.o
 .data          0x0000000000800102        0x0 build/GenData/GEN_SPI_Service_DATA_CFG.o
 .data          0x0000000000800102        0x0 build/GenData/GEN_GPT_Service_DATA_CFG.o
 .data          0x0000000000800102        0x0 build/GenData/GEN_ADC_Service_DATA_CFG.o
 .data          0x0000000000800102        0x0 build/GenData/GEN_DIO_Service_DATA_CFG.o
 .data          0x0000000000800102        0x0 build/GenData/GEN_UART_Service_DATA_CFG.o
 .data          0x0000000000800102        0x0 build/GenData/GEN_PWM_Service_DATA_CFG.o
 .data          0x0000000000800102        0x0 build/GenData/GEN_WDT_Service_DATA_CFG.o
 .data          0x0000000000800102        0xe build/HAL/DIO/DIO.o
                0x0000000000800102                asDIOPinsCfg
 .data          0x0000000000800110        0x6 build/HAL/GPT/GPT.o
                0x0000000000800110                asGPTTimersCfg
 .data          0x0000000000800116        0xe build/HAL/GPIO/GPIO.o
                0x0000000000800116                asGPIOPinsCfg
 .data          0x0000000000800124        0x6 build/HAL/PWM/PWM.o
                0x0000000000800124                asPWMPinsCfg
 .data          0x000000000080012a        0x0 build/HAL/WDT/WDT.o
 .data          0x000000000080012a        0x2 build/HAL/SPI/SPI.o
 .data          0x000000000080012c        0x0 build/HAL/ADC/ADC.o
 .data          0x000000000080012c        0x0 build/HAL/UART/UART.o
 .data          0x000000000080012c        0x0 build/Appl/CompLedIndicator/CompLedIndicator.o
 .data          0x000000000080012c        0x0 build/Appl/LCD_Driver/LCD_Driver.o
 .data          0x000000000080012c        0x0 build/Services/GPT_Service/GPT_Service.o
 .data          0x000000000080012c        0x0 build/Services/UART_Service/UART_Service.o
 .data          0x000000000080012c        0x1 build/Services/SPI_Service/SPI_Service.o
                0x000000000080012c                txrx_done
 .data          0x000000000080012d        0x4 build/Services/IO_Service/IO_Service.o
                0x000000000080012d                IO_Service_Pin_data
 .data          0x0000000000800131        0x0 build/Services/DIO_Service/DIO_Service.o
 .data          0x0000000000800131        0x0 build/Services/ADC_Service/ADC_Service.o
 .data          0x0000000000800131        0x0 build/Services/WDT_Service/WDT_Service.o
 .data          0x0000000000800131        0x0 build/Services/PWM_Service/PWM_Service.o
 .data          0x0000000000800131        0x0 build/common/QueueImplemetation/Queue.o
 .data          0x0000000000800131        0x0 /usr/lib/gcc/avr/7.3.0/avr5/libgcc.a(_udivmodsi4.o)
 .data          0x0000000000800131        0x0 /usr/lib/gcc/avr/7.3.0/avr5/libgcc.a(_exit.o)
 .data          0x0000000000800131        0x0 /usr/lib/gcc/avr/7.3.0/avr5/libgcc.a(_copy_data.o)
 .data          0x0000000000800131        0x0 /usr/lib/gcc/avr/7.3.0/avr5/libgcc.a(_clear_bss.o)
 .data          0x0000000000800131        0x0 /usr/lib/gcc/avr/7.3.0/../../../avr/lib/avr5/libc.a(memcpy.o)
 .data          0x0000000000800131        0x0 /usr/lib/gcc/avr/7.3.0/../../../avr/lib/avr5/libc.a(memset.o)
 .data          0x0000000000800131        0x0 /usr/lib/gcc/avr/7.3.0/../../../avr/lib/avr5/libc.a(sprintf.o)
 .data          0x0000000000800131        0x0 /usr/lib/gcc/avr/7.3.0/../../../avr/lib/avr5/libc.a(vfprintf_std.o)
 .data          0x0000000000800131        0x0 /usr/lib/gcc/avr/7.3.0/../../../avr/lib/avr5/libc.a(strnlen_P.o)
 .data          0x0000000000800131        0x0 /usr/lib/gcc/avr/7.3.0/../../../avr/lib/avr5/libc.a(strnlen.o)
 .data          0x0000000000800131        0x0 /usr/lib/gcc/avr/7.3.0/../../../avr/lib/avr5/libc.a(fputc.o)
 .data          0x0000000000800131        0x0 /usr/lib/gcc/avr/7.3.0/../../../avr/lib/avr5/libc.a(ultoa_invert.o)
 .data          0x0000000000800131        0x0 /usr/lib/gcc/avr/7.3.0/avr5/libgcc.a(_prologue.o)
 .data          0x0000000000800131        0x0 /usr/lib/gcc/avr/7.3.0/avr5/libgcc.a(_epilogue.o)
 *(.data*)
 *(.gnu.linkonce.d*)
 *(.rodata)
 .rodata        0x0000000000800131        0xb build/Appl/CompLedIndicator/CompLedIndicator.o
 *(.rodata*)
 .rodata.str1.1
                0x000000000080013c       0x27 build/OS/OsImplemetaion/Os.o
 .rodata.str1.1
                0x0000000000800163        0x5 build/OS/ThirdParty/Source/tasks.o
 .rodata.str1.1
                0x0000000000800168        0x3 build/Appl/LCD_Driver/LCD_Driver.o
 *(.gnu.linkonce.r*)
                0x000000000080016c                . = ALIGN (0x2)
 *fill*         0x000000000080016b        0x1 
                0x000000000080016c                _edata = .
                0x000000000080016c                PROVIDE (__data_end, .)

.bss            0x000000000080016c      0x731
                0x000000000080016c                PROVIDE (__bss_start, .)
 *(.bss)
 .bss           0x000000000080016c        0x0 /usr/lib/gcc/avr/7.3.0/../../../avr/lib/avr5/crtatmega328p.o
 .bss           0x000000000080016c        0x0 build/OS/OsImplemetaion/Os.o
 .bss           0x000000000080016c        0x1 build/OS/OsImplemetaion/OS_Interrupt.o
                0x000000000080016c                gbGlobalInteruptsEnebled
 .bss           0x000000000080016d        0x0 build/OS/ThirdParty/Source/timers.o
 .bss           0x000000000080016d        0x0 build/OS/ThirdParty/Source/queue.o
 .bss           0x000000000080016d        0x0 build/OS/ThirdParty/Source/portable/GCC/ATMega328/port.o
 .bss           0x000000000080016d      0x5e0 build/OS/ThirdParty/Source/portable/MemMang/heap_1.o
 .bss           0x000000000080074d       0x4f build/OS/ThirdParty/Source/tasks.o
                0x000000000080074d                pxCurrentTCB
 .bss           0x000000000080079c        0x0 build/OS/ThirdParty/Source/list.o
 .bss           0x000000000080079c        0x0 build/OS/ThirdParty/Source/event_groups.o
 .bss           0x000000000080079c       0x3a build/OS/ThirdParty/Source/croutine.o
                0x000000000080079c                pxCurrentCoRoutine
 .bss           0x00000000008007d6        0x0 build/OS/OsHAL/OS_HAL_Interrupt.o
 .bss           0x00000000008007d6        0x0 build/OS/OsHAL/OsHAL.o
 .bss           0x00000000008007d6        0x0 build/GenData/GEN_SPI_Service_DATA_CFG.o
 .bss           0x00000000008007d6        0x0 build/GenData/GEN_GPT_Service_DATA_CFG.o
 .bss           0x00000000008007d6        0x0 build/GenData/GEN_ADC_Service_DATA_CFG.o
 .bss           0x00000000008007d6        0x0 build/GenData/GEN_DIO_Service_DATA_CFG.o
 .bss           0x00000000008007d6        0x0 build/GenData/GEN_UART_Service_DATA_CFG.o
 .bss           0x00000000008007d6        0x0 build/GenData/GEN_PWM_Service_DATA_CFG.o
 .bss           0x00000000008007d6        0x0 build/GenData/GEN_WDT_Service_DATA_CFG.o
 .bss           0x00000000008007d6        0x0 build/HAL/DIO/DIO.o
 .bss           0x00000000008007d6        0x0 build/HAL/GPT/GPT.o
 .bss           0x00000000008007d6        0x0 build/HAL/GPIO/GPIO.o
 .bss           0x00000000008007d6        0x0 build/HAL/PWM/PWM.o
 .bss           0x00000000008007d6        0x1 build/HAL/WDT/WDT.o
                0x00000000008007d6                gu8WdtPrescalarMask
 .bss           0x00000000008007d7        0x2 build/HAL/SPI/SPI.o
                0x00000000008007d7                psRxQueue
 .bss           0x00000000008007d9        0x1 build/HAL/ADC/ADC.o
                0x00000000008007d9                au8ADCPinsCfg
 .bss           0x00000000008007da        0x0 build/HAL/UART/UART.o
 .bss           0x00000000008007da        0x0 build/Appl/CompLedIndicator/CompLedIndicator.o
 .bss           0x00000000008007da        0x0 build/Appl/LCD_Driver/LCD_Driver.o
 .bss           0x00000000008007da        0x0 build/Services/GPT_Service/GPT_Service.o
 .bss           0x00000000008007da        0x0 build/Services/UART_Service/UART_Service.o
 .bss           0x00000000008007da        0x0 build/Services/SPI_Service/SPI_Service.o
 .bss           0x00000000008007da        0x0 build/Services/IO_Service/IO_Service.o
 .bss           0x00000000008007da        0x0 build/Services/DIO_Service/DIO_Service.o
 .bss           0x00000000008007da        0x0 build/Services/ADC_Service/ADC_Service.o
 .bss           0x00000000008007da        0x0 build/Services/WDT_Service/WDT_Service.o
 .bss           0x00000000008007da        0x0 build/Services/PWM_Service/PWM_Service.o
 .bss           0x00000000008007da        0x0 build/common/QueueImplemetation/Queue.o
 .bss           0x00000000008007da        0x0 /usr/lib/gcc/avr/7.3.0/avr5/libgcc.a(_udivmodsi4.o)
 .bss           0x00000000008007da        0x0 /usr/lib/gcc/avr/7.3.0/avr5/libgcc.a(_exit.o)
 .bss           0x00000000008007da        0x0 /usr/lib/gcc/avr/7.3.0/avr5/libgcc.a(_copy_data.o)
 .bss           0x00000000008007da        0x0 /usr/lib/gcc/avr/7.3.0/avr5/libgcc.a(_clear_bss.o)
 .bss           0x00000000008007da        0x0 /usr/lib/gcc/avr/7.3.0/../../../avr/lib/avr5/libc.a(memcpy.o)
 .bss           0x00000000008007da        0x0 /usr/lib/gcc/avr/7.3.0/../../../avr/lib/avr5/libc.a(memset.o)
 .bss           0x00000000008007da        0x0 /usr/lib/gcc/avr/7.3.0/../../../avr/lib/avr5/libc.a(sprintf.o)
 .bss           0x00000000008007da        0x0 /usr/lib/gcc/avr/7.3.0/../../../avr/lib/avr5/libc.a(vfprintf_std.o)
 .bss           0x00000000008007da        0x0 /usr/lib/gcc/avr/7.3.0/../../../avr/lib/avr5/libc.a(strnlen_P.o)
 .bss           0x00000000008007da        0x0 /usr/lib/gcc/avr/7.3.0/../../../avr/lib/avr5/libc.a(strnlen.o)
 .bss           0x00000000008007da        0x0 /usr/lib/gcc/avr/7.3.0/../../../avr/lib/avr5/libc.a(fputc.o)
 .bss           0x00000000008007da        0x0 /usr/lib/gcc/avr/7.3.0/../../../avr/lib/avr5/libc.a(ultoa_invert.o)
 .bss           0x00000000008007da        0x0 /usr/lib/gcc/avr/7.3.0/avr5/libgcc.a(_prologue.o)
 .bss           0x00000000008007da        0x0 /usr/lib/gcc/avr/7.3.0/avr5/libgcc.a(_epilogue.o)
 *(.bss*)
 *(COMMON)
 COMMON         0x00000000008007da       0x16 build/GenData/GEN_SPI_Service_DATA_CFG.o
                0x00000000008007da                SPI_Service_SPI_0_spiRxBuffer
                0x00000000008007e4                SPI_Service_SpiHwCfg_data
 COMMON         0x00000000008007f0        0x5 build/GenData/GEN_GPT_Service_DATA_CFG.o
                0x00000000008007f0                GPT_Service_GptCfg_data
 COMMON         0x00000000008007f5       0x1c build/GenData/GEN_DIO_Service_DATA_CFG.o
                0x00000000008007f5                DIO_Service_PinCfg_data
 COMMON         0x0000000000800811       0x7c build/GenData/GEN_UART_Service_DATA_CFG.o
                0x0000000000800811                UART_Service_UART_0_uartRxBuffer
                0x0000000000800843                UART_Service_UART_0_uartTxBuffer
                0x0000000000800875                UART_Service_UartHwCfg_data
 COMMON         0x000000000080088d        0x3 build/GenData/GEN_PWM_Service_DATA_CFG.o
                0x000000000080088d                PWM_Service_PwmCfg_data
 COMMON         0x0000000000800890        0x7 build/GenData/GEN_WDT_Service_DATA_CFG.o
                0x0000000000800890                WDT_Service_WdtCfg_data
 COMMON         0x0000000000800897        0x5 build/HAL/SPI/SPI.o
                0x0000000000800897                pu8TransmitRxData
                0x0000000000800899                pbTxRxDone
                0x000000000080089b                u8TransmitRxDataBuffer
 COMMON         0x000000000080089c        0x1 build/Appl/LCD_Driver/LCD_Driver.o
                0x000000000080089c                LCD_Driver_LCD_Status
                0x000000000080089d                PROVIDE (__bss_end, .)
                0x0000000000003638                __data_load_start = LOADADDR (.data)
                0x00000000000036a4                __data_load_end = (__data_load_start + SIZEOF (.data))

.noinit         0x000000000080089d        0x0
                [!provide]                        PROVIDE (__noinit_start, .)
 *(.noinit*)
                [!provide]                        PROVIDE (__noinit_end, .)
                0x000000000080089d                _end = .
                [!provide]                        PROVIDE (__heap_start, .)

.eeprom         0x0000000000810000        0x0
 *(.eeprom*)
                0x0000000000810000                __eeprom_end = .

.fuse
 *(.fuse)
 *(.lfuse)
 *(.hfuse)
 *(.efuse)

.lock
 *(.lock*)

.signature
 *(.signature*)

.user_signatures
 *(.user_signatures*)

.stab
 *(.stab)

.stabstr
 *(.stabstr)

.stab.excl
 *(.stab.excl)

.stab.exclstr
 *(.stab.exclstr)

.stab.index
 *(.stab.index)

.stab.indexstr
 *(.stab.indexstr)

.comment        0x0000000000000000       0x11
 *(.comment)
 .comment       0x0000000000000000       0x11 build/OS/OsImplemetaion/Os.o
                                         0x12 (size before relaxing)
 .comment       0x0000000000000011       0x12 build/OS/OsImplemetaion/OS_Interrupt.o
 .comment       0x0000000000000011       0x12 build/OS/ThirdParty/Source/timers.o
 .comment       0x0000000000000011       0x12 build/OS/ThirdParty/Source/queue.o
 .comment       0x0000000000000011       0x12 build/OS/ThirdParty/Source/portable/GCC/ATMega328/port.o
 .comment       0x0000000000000011       0x12 build/OS/ThirdParty/Source/portable/MemMang/heap_1.o
 .comment       0x0000000000000011       0x12 build/OS/ThirdParty/Source/tasks.o
 .comment       0x0000000000000011       0x12 build/OS/ThirdParty/Source/list.o
 .comment       0x0000000000000011       0x12 build/OS/ThirdParty/Source/event_groups.o
 .comment       0x0000000000000011       0x12 build/OS/ThirdParty/Source/croutine.o
 .comment       0x0000000000000011       0x12 build/OS/OsHAL/OS_HAL_Interrupt.o
 .comment       0x0000000000000011       0x12 build/OS/OsHAL/OsHAL.o
 .comment       0x0000000000000011       0x12 build/GenData/GEN_SPI_Service_DATA_CFG.o
 .comment       0x0000000000000011       0x12 build/GenData/GEN_GPT_Service_DATA_CFG.o
 .comment       0x0000000000000011       0x12 build/GenData/GEN_ADC_Service_DATA_CFG.o
 .comment       0x0000000000000011       0x12 build/GenData/GEN_DIO_Service_DATA_CFG.o
 .comment       0x0000000000000011       0x12 build/GenData/GEN_UART_Service_DATA_CFG.o
 .comment       0x0000000000000011       0x12 build/GenData/GEN_PWM_Service_DATA_CFG.o
 .comment       0x0000000000000011       0x12 build/GenData/GEN_WDT_Service_DATA_CFG.o
 .comment       0x0000000000000011       0x12 build/HAL/DIO/DIO.o
 .comment       0x0000000000000011       0x12 build/HAL/GPT/GPT.o
 .comment       0x0000000000000011       0x12 build/HAL/GPIO/GPIO.o
 .comment       0x0000000000000011       0x12 build/HAL/PWM/PWM.o
 .comment       0x0000000000000011       0x12 build/HAL/WDT/WDT.o
 .comment       0x0000000000000011       0x12 build/HAL/SPI/SPI.o
 .comment       0x0000000000000011       0x12 build/HAL/ADC/ADC.o
 .comment       0x0000000000000011       0x12 build/HAL/UART/UART.o
 .comment       0x0000000000000011       0x12 build/Appl/CompLedIndicator/CompLedIndicator.o
 .comment       0x0000000000000011       0x12 build/Appl/LCD_Driver/LCD_Driver.o
 .comment       0x0000000000000011       0x12 build/Services/GPT_Service/GPT_Service.o
 .comment       0x0000000000000011       0x12 build/Services/UART_Service/UART_Service.o
 .comment       0x0000000000000011       0x12 build/Services/SPI_Service/SPI_Service.o
 .comment       0x0000000000000011       0x12 build/Services/IO_Service/IO_Service.o
 .comment       0x0000000000000011       0x12 build/Services/DIO_Service/DIO_Service.o
 .comment       0x0000000000000011       0x12 build/Services/ADC_Service/ADC_Service.o
 .comment       0x0000000000000011       0x12 build/Services/WDT_Service/WDT_Service.o
 .comment       0x0000000000000011       0x12 build/Services/PWM_Service/PWM_Service.o
 .comment       0x0000000000000011       0x12 build/common/QueueImplemetation/Queue.o
 .comment       0x0000000000000011       0x12 /usr/lib/gcc/avr/7.3.0/../../../avr/lib/avr5/libc.a(sprintf.o)
 .comment       0x0000000000000011       0x12 /usr/lib/gcc/avr/7.3.0/../../../avr/lib/avr5/libc.a(vfprintf_std.o)
 .comment       0x0000000000000011       0x12 /usr/lib/gcc/avr/7.3.0/../../../avr/lib/avr5/libc.a(fputc.o)

.note.gnu.avr.deviceinfo
                0x0000000000000000       0x40
 .note.gnu.avr.deviceinfo
                0x0000000000000000       0x40 /usr/lib/gcc/avr/7.3.0/../../../avr/lib/avr5/crtatmega328p.o

.note.gnu.build-id
 *(.note.gnu.build-id)

.debug
 *(.debug)

.line
 *(.line)

.debug_srcinfo
 *(.debug_srcinfo)

.debug_sfnames
 *(.debug_sfnames)

.debug_aranges
 *(.debug_aranges)

.debug_pubnames
 *(.debug_pubnames)

.debug_info     0x0000000000000000      0x5f4
 *(.debug_info .gnu.linkonce.wi.*)
 .debug_info    0x0000000000000000      0x5f4 /usr/lib/gcc/avr/7.3.0/../../../avr/lib/avr5/crtatmega328p.o

.debug_abbrev   0x0000000000000000      0x5a2
 *(.debug_abbrev)
 .debug_abbrev  0x0000000000000000      0x5a2 /usr/lib/gcc/avr/7.3.0/../../../avr/lib/avr5/crtatmega328p.o

.debug_line     0x0000000000000000       0x1a
 *(.debug_line .debug_line.* .debug_line_end)
 .debug_line    0x0000000000000000       0x1a /usr/lib/gcc/avr/7.3.0/../../../avr/lib/avr5/crtatmega328p.o

.debug_frame
 *(.debug_frame)

.debug_str      0x0000000000000000      0x208
 *(.debug_str)
 .debug_str     0x0000000000000000      0x208 /usr/lib/gcc/avr/7.3.0/../../../avr/lib/avr5/crtatmega328p.o

.debug_loc
 *(.debug_loc)

.debug_macinfo
 *(.debug_macinfo)

.debug_weaknames
 *(.debug_weaknames)

.debug_funcnames
 *(.debug_funcnames)

.debug_typenames
 *(.debug_typenames)

.debug_varnames
 *(.debug_varnames)

.debug_pubtypes
 *(.debug_pubtypes)

.debug_ranges
 *(.debug_ranges)

.debug_macro
 *(.debug_macro)
OUTPUT(build/Proj1.elf elf32-avr)
LOAD linker stubs
