Archive member included to satisfy reference by file (symbol)

/usr/lib/gcc/avr/7.3.0/avr5/libgcc.a(_udivmodsi4.o)
                              build/Services/UART_Service/UART_Service.o (__udivmodsi4)
/usr/lib/gcc/avr/7.3.0/avr5/libgcc.a(_exit.o)
                              /usr/lib/gcc/avr/7.3.0/../../../avr/lib/avr5/crtatmega328p.o (exit)
/usr/lib/gcc/avr/7.3.0/avr5/libgcc.a(_copy_data.o)
                              build/OS/OsImplemetaion/Os.o (__do_copy_data)
/usr/lib/gcc/avr/7.3.0/avr5/libgcc.a(_clear_bss.o)
                              build/OS/OsImplemetaion/OS_Interrupt.o (__do_clear_bss)
/usr/lib/gcc/avr/7.3.0/../../../avr/lib/avr5/libc.a(memcpy.o)
                              build/OS/ThirdParty/Source/queue.o (memcpy)
/usr/lib/gcc/avr/7.3.0/../../../avr/lib/avr5/libc.a(memset.o)
                              build/common/QueueImplemetation/Queue.o (memset)

Allocating common symbols
Common symbol       size              file

UART_Service_UART_0_uartRxBuffer
                    0x32              build/GenData/GEN_UART_Service_DATA_CFG.o
UART_Service_UART_0_uartTxBuffer
                    0x32              build/GenData/GEN_UART_Service_DATA_CFG.o
PWM_Service_PwmCfg_data
                    0x3               build/GenData/GEN_PWM_Service_DATA_CFG.o
pu8TransmitRxData   0x2               build/HAL/SPI/SPI.o
SPI_Service_SPI_0_spiRxBuffer
                    0xa               build/GenData/GEN_SPI_Service_DATA_CFG.o
WDT_Service_WdtCfg_data
                    0x7               build/GenData/GEN_WDT_Service_DATA_CFG.o
SPI_Service_SpiHwCfg_data
                    0xc               build/GenData/GEN_SPI_Service_DATA_CFG.o
UART_Service_UartHwCfg_data
                    0x18              build/GenData/GEN_UART_Service_DATA_CFG.o
pbTxRxDone          0x2               build/HAL/SPI/SPI.o
GPT_Service_GptCfg_data
                    0x5               build/GenData/GEN_GPT_Service_DATA_CFG.o
u8TransmitRxDataBuffer
                    0x1               build/HAL/SPI/SPI.o

Memory Configuration

Name             Origin             Length             Attributes
text             0x0000000000000000 0x0000000000008000 xr
data             0x0000000000800100 0x0000000000000800 rw !x
eeprom           0x0000000000810000 0x0000000000000400 rw !x
fuse             0x0000000000820000 0x0000000000000003 rw !x
lock             0x0000000000830000 0x0000000000000400 rw !x
signature        0x0000000000840000 0x0000000000000400 rw !x
user_signatures  0x0000000000850000 0x0000000000000400 rw !x
*default*        0x0000000000000000 0xffffffffffffffff

Linker script and memory map

Address of section .data set to 0x800100
LOAD /usr/lib/gcc/avr/7.3.0/../../../avr/lib/avr5/crtatmega328p.o
LOAD build/OS/OsImplemetaion/Os.o
LOAD build/OS/OsImplemetaion/OS_Interrupt.o
LOAD build/OS/ThirdParty/Source/timers.o
LOAD build/OS/ThirdParty/Source/queue.o
LOAD build/OS/ThirdParty/Source/portable/GCC/ATMega328/port.o
LOAD build/OS/ThirdParty/Source/portable/MemMang/heap_1.o
LOAD build/OS/ThirdParty/Source/tasks.o
LOAD build/OS/ThirdParty/Source/list.o
LOAD build/OS/ThirdParty/Source/event_groups.o
LOAD build/OS/ThirdParty/Source/croutine.o
LOAD build/OS/OsHAL/OS_HAL_Interrupt.o
LOAD build/OS/OsHAL/OsHAL.o
LOAD build/GenData/GEN_SPI_Service_DATA_CFG.o
LOAD build/GenData/GEN_GPT_Service_DATA_CFG.o
LOAD build/GenData/GEN_ADC_Service_DATA_CFG.o
LOAD build/GenData/GEN_DIO_Service_DATA_CFG.o
LOAD build/GenData/GEN_UART_Service_DATA_CFG.o
LOAD build/GenData/GEN_PWM_Service_DATA_CFG.o
LOAD build/GenData/GEN_WDT_Service_DATA_CFG.o
LOAD build/HAL/DIO/DIO.o
LOAD build/HAL/GPT/GPT.o
LOAD build/HAL/GPIO/GPIO.o
LOAD build/HAL/PWM/PWM.o
LOAD build/HAL/WDT/WDT.o
LOAD build/HAL/SPI/SPI.o
LOAD build/HAL/ADC/ADC.o
LOAD build/HAL/UART/UART.o
LOAD build/Appl/CompLedIndicator/CompLedIndicator.o
LOAD build/Services/GPT_Service/GPT_Service.o
LOAD build/Services/UART_Service/UART_Service.o
LOAD build/Services/SPI_Service/SPI_Service.o
LOAD build/Services/IO_Service/IO_Service.o
LOAD build/Services/DIO_Service/DIO_Service.o
LOAD build/Services/ADC_Service/ADC_Service.o
LOAD build/Services/WDT_Service/WDT_Service.o
LOAD build/Services/PWM_Service/PWM_Service.o
LOAD build/common/QueueImplemetation/Queue.o
START GROUP
LOAD /usr/lib/gcc/avr/7.3.0/avr5/libgcc.a
LOAD /usr/lib/gcc/avr/7.3.0/../../../avr/lib/avr5/libm.a
LOAD /usr/lib/gcc/avr/7.3.0/../../../avr/lib/avr5/libc.a
LOAD /usr/lib/gcc/avr/7.3.0/../../../avr/lib/avr5/libatmega328p.a
END GROUP
                0x0000000000000000                __TEXT_REGION_ORIGIN__ = DEFINED (__TEXT_REGION_ORIGIN__)?__TEXT_REGION_ORIGIN__:0x0
                [0x0000000000800100]                __DATA_REGION_ORIGIN__ = DEFINED (__DATA_REGION_ORIGIN__)?__DATA_REGION_ORIGIN__:0x800060
                [0x0000000000008000]                __TEXT_REGION_LENGTH__ = DEFINED (__TEXT_REGION_LENGTH__)?__TEXT_REGION_LENGTH__:0x20000
                [0x0000000000000800]                __DATA_REGION_LENGTH__ = DEFINED (__DATA_REGION_LENGTH__)?__DATA_REGION_LENGTH__:0xffa0
                [0x0000000000000400]                __EEPROM_REGION_LENGTH__ = DEFINED (__EEPROM_REGION_LENGTH__)?__EEPROM_REGION_LENGTH__:0x10000
                [0x0000000000000003]                __FUSE_REGION_LENGTH__ = DEFINED (__FUSE_REGION_LENGTH__)?__FUSE_REGION_LENGTH__:0x400
                0x0000000000000400                __LOCK_REGION_LENGTH__ = DEFINED (__LOCK_REGION_LENGTH__)?__LOCK_REGION_LENGTH__:0x400
                0x0000000000000400                __SIGNATURE_REGION_LENGTH__ = DEFINED (__SIGNATURE_REGION_LENGTH__)?__SIGNATURE_REGION_LENGTH__:0x400
                0x0000000000000400                __USER_SIGNATURE_REGION_LENGTH__ = DEFINED (__USER_SIGNATURE_REGION_LENGTH__)?__USER_SIGNATURE_REGION_LENGTH__:0x400

.hash
 *(.hash)

.dynsym
 *(.dynsym)

.dynstr
 *(.dynstr)

.gnu.version
 *(.gnu.version)

.gnu.version_d
 *(.gnu.version_d)

.gnu.version_r
 *(.gnu.version_r)

.rel.init
 *(.rel.init)

.rela.init
 *(.rela.init)

.rel.text
 *(.rel.text)
 *(.rel.text.*)
 *(.rel.gnu.linkonce.t*)

.rela.text
 *(.rela.text)
 *(.rela.text.*)
 *(.rela.gnu.linkonce.t*)

.rel.fini
 *(.rel.fini)

.rela.fini
 *(.rela.fini)

.rel.rodata
 *(.rel.rodata)
 *(.rel.rodata.*)
 *(.rel.gnu.linkonce.r*)

.rela.rodata
 *(.rela.rodata)
 *(.rela.rodata.*)
 *(.rela.gnu.linkonce.r*)

.rel.data
 *(.rel.data)
 *(.rel.data.*)
 *(.rel.gnu.linkonce.d*)

.rela.data
 *(.rela.data)
 *(.rela.data.*)
 *(.rela.gnu.linkonce.d*)

.rel.ctors
 *(.rel.ctors)

.rela.ctors
 *(.rela.ctors)

.rel.dtors
 *(.rel.dtors)

.rela.dtors
 *(.rela.dtors)

.rel.got
 *(.rel.got)

.rela.got
 *(.rela.got)

.rel.bss
 *(.rel.bss)

.rela.bss
 *(.rela.bss)

.rel.plt
 *(.rel.plt)

.rela.plt
 *(.rela.plt)

.text           0x0000000000000000     0x2bc0
 *(.vectors)
 .vectors       0x0000000000000000       0x68 /usr/lib/gcc/avr/7.3.0/../../../avr/lib/avr5/crtatmega328p.o
                0x0000000000000000                __vectors
                0x0000000000000000                __vector_default
 *(.vectors)
 *(.progmem.gcc*)
                0x0000000000000068                . = ALIGN (0x2)
                0x0000000000000068                __trampolines_start = .
 *(.trampolines)
 .trampolines   0x0000000000000068        0x0 linker stubs
 *(.trampolines*)
                0x0000000000000068                __trampolines_end = .
 *libprintf_flt.a:*(.progmem.data)
 *libc.a:*(.progmem.data)
 *(.progmem*)
                0x0000000000000068                . = ALIGN (0x2)
 *(.jumptables)
 *(.jumptables*)
 *(.lowtext)
 *(.lowtext*)
                0x0000000000000068                __ctors_start = .
 *(.ctors)
                0x0000000000000068                __ctors_end = .
                0x0000000000000068                __dtors_start = .
 *(.dtors)
                0x0000000000000068                __dtors_end = .
 SORT(*)(.ctors)
 SORT(*)(.dtors)
 *(.init0)
 .init0         0x0000000000000068        0x0 /usr/lib/gcc/avr/7.3.0/../../../avr/lib/avr5/crtatmega328p.o
                0x0000000000000068                __init
 *(.init0)
 *(.init1)
 *(.init1)
 *(.init2)
 .init2         0x0000000000000068        0xc /usr/lib/gcc/avr/7.3.0/../../../avr/lib/avr5/crtatmega328p.o
 *(.init2)
 *(.init3)
 *(.init3)
 *(.init4)
 .init4         0x0000000000000074       0x16 /usr/lib/gcc/avr/7.3.0/avr5/libgcc.a(_copy_data.o)
                0x0000000000000074                __do_copy_data
 .init4         0x000000000000008a       0x10 /usr/lib/gcc/avr/7.3.0/avr5/libgcc.a(_clear_bss.o)
                0x000000000000008a                __do_clear_bss
 *(.init4)
 *(.init5)
 *(.init5)
 *(.init6)
 *(.init6)
 *(.init7)
 *(.init7)
 *(.init8)
 *(.init8)
 *(.init9)
 .init9         0x000000000000009a        0x8 /usr/lib/gcc/avr/7.3.0/../../../avr/lib/avr5/crtatmega328p.o
 *(.init9)
 *(.text)
 .text          0x00000000000000a2        0x4 /usr/lib/gcc/avr/7.3.0/../../../avr/lib/avr5/crtatmega328p.o
                0x00000000000000a2                __vector_22
                0x00000000000000a2                __vector_1
                0x00000000000000a2                __vector_24
                0x00000000000000a2                __vector_12
                0x00000000000000a2                __bad_interrupt
                0x00000000000000a2                __vector_6
                0x00000000000000a2                __vector_3
                0x00000000000000a2                __vector_23
                0x00000000000000a2                __vector_25
                0x00000000000000a2                __vector_13
                0x00000000000000a2                __vector_19
                0x00000000000000a2                __vector_7
                0x00000000000000a2                __vector_5
                0x00000000000000a2                __vector_4
                0x00000000000000a2                __vector_9
                0x00000000000000a2                __vector_2
                0x00000000000000a2                __vector_21
                0x00000000000000a2                __vector_15
                0x00000000000000a2                __vector_8
                0x00000000000000a2                __vector_14
                0x00000000000000a2                __vector_10
                0x00000000000000a2                __vector_16
                0x00000000000000a2                __vector_20
 .text          0x00000000000000a6       0x70 build/OS/OsImplemetaion/Os.o
                0x00000000000000a6                OS_Task_10ms_Prio2
                0x00000000000000e2                OS_Task_200ms_Prio1
 .text          0x0000000000000116       0x26 build/OS/OsImplemetaion/OS_Interrupt.o
                0x0000000000000116                OS_Interrupt_DisableGlobal
                0x0000000000000128                OS_Interrupt_EnableGlobal
 .text          0x000000000000013c        0x0 build/OS/ThirdParty/Source/timers.o
 .text          0x000000000000013c      0x5fc build/OS/ThirdParty/Source/queue.o
                0x0000000000000282                xQueueGenericReset
                0x00000000000002f6                xQueueGenericCreate
                0x0000000000000346                xQueueGenericSend
                0x0000000000000478                xQueueGenericSendFromISR
                0x00000000000004d4                xQueueGiveFromISR
                0x0000000000000520                xQueueGenericReceive
                0x0000000000000666                xQueueReceiveFromISR
                0x00000000000006c2                xQueuePeekFromISR
                0x00000000000006f0                uxQueueMessagesWaiting
                0x0000000000000700                uxQueueSpacesAvailable
                0x0000000000000714                uxQueueMessagesWaitingFromISR
                0x000000000000071a                vQueueDelete
                0x000000000000071e                xQueueIsQueueEmptyFromISR
                0x000000000000072a                xQueueIsQueueFullFromISR
 .text          0x0000000000000738      0x2ca build/OS/ThirdParty/Source/portable/GCC/ATMega328/port.o
                0x0000000000000738                pxPortInitialiseStack
                0x0000000000000810                xPortStartScheduler
                0x0000000000000890                vPortEndScheduler
                0x0000000000000892                vPortYield
                0x0000000000000944                vPortYieldFromTick
                0x00000000000009fc                __vector_11
 .text          0x0000000000000a02       0x88 build/OS/ThirdParty/Source/portable/MemMang/heap_1.o
                0x0000000000000a02                pvPortMalloc
                0x0000000000000a6c                vPortFree
                0x0000000000000a6e                vPortInitialiseBlocks
                0x0000000000000a78                xPortGetFreeHeapSize
 .text          0x0000000000000a8a      0xcc2 build/OS/ThirdParty/Source/tasks.o
                0x0000000000000afc                xTaskGenericCreate
                0x0000000000000cf0                vTaskStartScheduler
                0x0000000000000d54                vTaskEndScheduler
                0x0000000000000d5e                vTaskSuspendAll
                0x0000000000000d6a                xTaskGetTickCount
                0x0000000000000d7e                xTaskGetTickCountFromISR
                0x0000000000000d88                uxTaskGetNumberOfTasks
                0x0000000000000d8e                xTaskIncrementTick
                0x0000000000000f16                xTaskResumeAll
                0x0000000000000ff2                vTaskDelayUntil
                0x0000000000001066                vTaskSwitchContext
                0x00000000000010fa                vTaskPlaceOnEventList
                0x0000000000001132                vTaskPlaceOnUnorderedEventList
                0x0000000000001178                xTaskRemoveFromEventList
                0x00000000000011f6                xTaskRemoveFromUnorderedEventList
                0x000000000000125e                vTaskSetTimeOutState
                0x0000000000001274                xTaskCheckForTimeOut
                0x00000000000012cc                vTaskMissedYield
                0x00000000000012d4                uxTaskResetEventItemValue
                0x0000000000001302                ulTaskNotifyTake
                0x00000000000013cc                xTaskNotifyWait
                0x00000000000014f2                xTaskNotify
                0x00000000000015be                xTaskNotifyFromISR
                0x00000000000016a8                vTaskNotifyGiveFromISR
 .text          0x000000000000174c      0x116 build/OS/ThirdParty/Source/list.o
                0x000000000000174c                vListInitialise
                0x0000000000001768                vListInitialiseItem
                0x0000000000001770                vListInsertEnd
                0x00000000000017b0                vListInsert
                0x000000000000181c                uxListRemove
 .text          0x0000000000001862      0x2e2 build/OS/ThirdParty/Source/event_groups.o
                0x0000000000001862                xEventGroupCreate
                0x0000000000001888                xEventGroupWaitBits
                0x0000000000001974                xEventGroupClearBits
                0x0000000000001992                xEventGroupGetBitsFromISR
                0x000000000000199a                xEventGroupSetBits
                0x0000000000001a34                xEventGroupSync
                0x0000000000001b0c                vEventGroupDelete
                0x0000000000001b38                vEventGroupSetBitsCallback
                0x0000000000001b3e                vEventGroupClearBitsCallback
 .text          0x0000000000001b44      0x3ac build/OS/ThirdParty/Source/croutine.o
                0x0000000000001b44                xCoRoutineCreate
                0x0000000000001c26                vCoRoutineAddToDelayedList
                0x0000000000001caa                vCoRoutineSchedule
                0x0000000000001ea8                xCoRoutineRemoveFromEventList
 .text          0x0000000000001ef0        0x8 build/OS/OsHAL/OS_HAL_Interrupt.o
                0x0000000000001ef0                OS_HAL_Interrupt_DisableGlobal
                0x0000000000001ef4                OS_HAL_Interrupt_EnableGlobal
 .text          0x0000000000001ef8       0x48 build/OS/OsHAL/OsHAL.o
                0x0000000000001ef8                OsHAL_CreateTask
 .text          0x0000000000001f40       0x1a build/GenData/GEN_SPI_Service_DATA_CFG.o
                0x0000000000001f40                SPI_Service_SpiHwCfg_data_INIT_FUNC
 .text          0x0000000000001f5a       0x14 build/GenData/GEN_GPT_Service_DATA_CFG.o
                0x0000000000001f5a                GPT_Service_GptCfg_data_INIT_FUNC
 .text          0x0000000000001f6e        0x4 build/GenData/GEN_ADC_Service_DATA_CFG.o
                0x0000000000001f6e                ADC_Service_AdcHwCfg_data_INIT_FUNC
                0x0000000000001f70                ADC_Service_AdcPinCfg_data_INIT_FUNC
 .text          0x0000000000001f72        0x2 build/GenData/GEN_DIO_Service_DATA_CFG.o
                0x0000000000001f72                DIO_Service_PinCfg_data_INIT_FUNC
 .text          0x0000000000001f74       0x32 build/GenData/GEN_UART_Service_DATA_CFG.o
                0x0000000000001f74                UART_Service_UartHwCfg_data_INIT_FUNC
 .text          0x0000000000001fa6        0xe build/GenData/GEN_PWM_Service_DATA_CFG.o
                0x0000000000001fa6                PWM_Service_PwmCfg_data_INIT_FUNC
 .text          0x0000000000001fb4       0x1c build/GenData/GEN_WDT_Service_DATA_CFG.o
                0x0000000000001fb4                WDT_Service_WdtCfg_data_INIT_FUNC
 .text          0x0000000000001fd0        0x4 build/HAL/DIO/DIO.o
                0x0000000000001fd0                DIO_Init_PIN
 .text          0x0000000000001fd4       0xb4 build/HAL/GPT/GPT.o
                0x0000000000001fd4                GPT_Init_Timer
                0x0000000000002070                GPT_Timer_Set_Compare_Value
 .text          0x0000000000002088       0x76 build/HAL/GPIO/GPIO.o
                0x0000000000002088                GPIO_Init_PIN
 .text          0x00000000000020fe       0x34 build/HAL/PWM/PWM.o
                0x00000000000020fe                PWM_Init_Pin
 .text          0x0000000000002132       0xe6 build/HAL/WDT/WDT.o
                0x0000000000002132                WDT_Disable
                0x000000000000214a                WDT_Enable
                0x000000000000216c                WDT_SetPrescalar
                0x0000000000002210                WDT_Init
                0x0000000000002214                WDT_Reset
 .text          0x0000000000002218      0x130 build/HAL/SPI/SPI.o
                0x0000000000002218                SPI_MasterInit
                0x000000000000225a                SPI_SlaveInit
                0x000000000000228a                SPI_Send
                0x00000000000022ae                __vector_17
 .text          0x0000000000002348       0x70 build/HAL/ADC/ADC.o
                0x0000000000002348                ADC_Enable_ADC
                0x000000000000237e                ADC_Start_Measurement
 .text          0x00000000000023b8       0x8e build/HAL/UART/UART.o
                0x00000000000023b8                UART_Init
                0x00000000000023e2                UART_putc
                0x00000000000023f6                __vector_18
 .text          0x0000000000002446       0xa0 build/Appl/CompLedIndicator/CompLedIndicator.o
                0x0000000000002446                CompLedIndicator_Init
                0x000000000000248c                CompLedIndicator_Cyclic
 .text          0x00000000000024e6       0x50 build/Services/GPT_Service/GPT_Service.o
                0x00000000000024e6                GPT_Service_Init
                0x0000000000002506                GPT_Service_Set_Compare_Value
 .text          0x0000000000002536      0x15e build/Services/UART_Service/UART_Service.o
                0x0000000000002536                UART_Service_Init
                0x0000000000002592                UART_Service_Cyclic
                0x00000000000025d6                UART_Service_Transmit
                0x0000000000002608                UART_Service_Read
                0x000000000000267a                UART_Service_UART_Receive
 .text          0x0000000000002694      0x136 build/Services/SPI_Service/SPI_Service.o
                0x0000000000002694                SPI_Service_Init
                0x00000000000026ce                SPI_Service_Transmit
                0x0000000000002772                SPI_Service_GetReceived
 .text          0x00000000000027ca      0x140 build/Services/IO_Service/IO_Service.o
                0x00000000000027ca                IO_Service_Init
                0x00000000000027ec                IO_Service_Read_Pin
                0x0000000000002848                IO_Service_Set_Pin
                0x00000000000028c2                IO_Service_Toggle_Pin
 .text          0x000000000000290a       0x12 build/Services/DIO_Service/DIO_Service.o
                0x000000000000290a                DIO_Service_Init
                0x000000000000290c                DIO_Service_Set_Pin
                0x0000000000002910                DIO_Service_Read_Pin
                0x0000000000002914                DIO_Service_Write_Pin
                0x0000000000002918                DIO_Service_Toggle_Pin
 .text          0x000000000000291c        0x8 build/Services/ADC_Service/ADC_Service.o
                0x000000000000291c                ADC_Service_Init
                0x000000000000291e                ADC_Service_Cyclic
                0x0000000000002920                ADC_Service_Read_Pin
 .text          0x0000000000002924       0x74 build/Services/WDT_Service/WDT_Service.o
                0x0000000000002924                WDT_Service_Disable
                0x000000000000293e                WDT_Service_Enable
                0x000000000000295a                WDT_Service_Init
                0x0000000000002984                WDT_Service_SetPrescalar
                0x0000000000002988                WDT_Service_Cyclic
 .text          0x0000000000002998       0x32 build/Services/PWM_Service/PWM_Service.o
                0x0000000000002998                PWM_Service_Init
                0x00000000000029a8                PWM_Service_Set_Pin
 .text          0x00000000000029ca      0x150 build/common/QueueImplemetation/Queue.o
                0x00000000000029ca                Queue_Clear
                0x00000000000029ec                Queue_Init
                0x00000000000029f8                Queue_Put
                0x0000000000002a3a                Queue_PutData
                0x0000000000002a8a                Queue_Pop
                0x0000000000002ace                Queue_Peek
                0x0000000000002af8                Queue_Length
                0x0000000000002b0c                Queue_IsEmpty
 .text          0x0000000000002b1a        0x0 /usr/lib/gcc/avr/7.3.0/avr5/libgcc.a(_udivmodsi4.o)
 .text          0x0000000000002b1a        0x0 /usr/lib/gcc/avr/7.3.0/avr5/libgcc.a(_exit.o)
 .text          0x0000000000002b1a        0x0 /usr/lib/gcc/avr/7.3.0/avr5/libgcc.a(_copy_data.o)
 .text          0x0000000000002b1a        0x0 /usr/lib/gcc/avr/7.3.0/avr5/libgcc.a(_clear_bss.o)
 .text          0x0000000000002b1a        0x0 /usr/lib/gcc/avr/7.3.0/../../../avr/lib/avr5/libc.a(memcpy.o)
 .text          0x0000000000002b1a        0x0 /usr/lib/gcc/avr/7.3.0/../../../avr/lib/avr5/libc.a(memset.o)
                0x0000000000002b1a                . = ALIGN (0x2)
 *(.text.*)
 .text.startup  0x0000000000002b1a       0x3e build/OS/OsImplemetaion/Os.o
                0x0000000000002b1a                main
 .text.libgcc.mul
                0x0000000000002b58        0x0 /usr/lib/gcc/avr/7.3.0/avr5/libgcc.a(_udivmodsi4.o)
 .text.libgcc.div
                0x0000000000002b58       0x44 /usr/lib/gcc/avr/7.3.0/avr5/libgcc.a(_udivmodsi4.o)
                0x0000000000002b58                __udivmodsi4
 .text.libgcc   0x0000000000002b9c        0x0 /usr/lib/gcc/avr/7.3.0/avr5/libgcc.a(_udivmodsi4.o)
 .text.libgcc.prologue
                0x0000000000002b9c        0x0 /usr/lib/gcc/avr/7.3.0/avr5/libgcc.a(_udivmodsi4.o)
 .text.libgcc.builtins
                0x0000000000002b9c        0x0 /usr/lib/gcc/avr/7.3.0/avr5/libgcc.a(_udivmodsi4.o)
 .text.libgcc.fmul
                0x0000000000002b9c        0x0 /usr/lib/gcc/avr/7.3.0/avr5/libgcc.a(_udivmodsi4.o)
 .text.libgcc.fixed
                0x0000000000002b9c        0x0 /usr/lib/gcc/avr/7.3.0/avr5/libgcc.a(_udivmodsi4.o)
 .text.libgcc.mul
                0x0000000000002b9c        0x0 /usr/lib/gcc/avr/7.3.0/avr5/libgcc.a(_exit.o)
 .text.libgcc.div
                0x0000000000002b9c        0x0 /usr/lib/gcc/avr/7.3.0/avr5/libgcc.a(_exit.o)
 .text.libgcc   0x0000000000002b9c        0x0 /usr/lib/gcc/avr/7.3.0/avr5/libgcc.a(_exit.o)
 .text.libgcc.prologue
                0x0000000000002b9c        0x0 /usr/lib/gcc/avr/7.3.0/avr5/libgcc.a(_exit.o)
 .text.libgcc.builtins
                0x0000000000002b9c        0x0 /usr/lib/gcc/avr/7.3.0/avr5/libgcc.a(_exit.o)
 .text.libgcc.fmul
                0x0000000000002b9c        0x0 /usr/lib/gcc/avr/7.3.0/avr5/libgcc.a(_exit.o)
 .text.libgcc.fixed
                0x0000000000002b9c        0x0 /usr/lib/gcc/avr/7.3.0/avr5/libgcc.a(_exit.o)
 .text.libgcc.mul
                0x0000000000002b9c        0x0 /usr/lib/gcc/avr/7.3.0/avr5/libgcc.a(_copy_data.o)
 .text.libgcc.div
                0x0000000000002b9c        0x0 /usr/lib/gcc/avr/7.3.0/avr5/libgcc.a(_copy_data.o)
 .text.libgcc   0x0000000000002b9c        0x0 /usr/lib/gcc/avr/7.3.0/avr5/libgcc.a(_copy_data.o)
 .text.libgcc.prologue
                0x0000000000002b9c        0x0 /usr/lib/gcc/avr/7.3.0/avr5/libgcc.a(_copy_data.o)
 .text.libgcc.builtins
                0x0000000000002b9c        0x0 /usr/lib/gcc/avr/7.3.0/avr5/libgcc.a(_copy_data.o)
 .text.libgcc.fmul
                0x0000000000002b9c        0x0 /usr/lib/gcc/avr/7.3.0/avr5/libgcc.a(_copy_data.o)
 .text.libgcc.fixed
                0x0000000000002b9c        0x0 /usr/lib/gcc/avr/7.3.0/avr5/libgcc.a(_copy_data.o)
 .text.libgcc.mul
                0x0000000000002b9c        0x0 /usr/lib/gcc/avr/7.3.0/avr5/libgcc.a(_clear_bss.o)
 .text.libgcc.div
                0x0000000000002b9c        0x0 /usr/lib/gcc/avr/7.3.0/avr5/libgcc.a(_clear_bss.o)
 .text.libgcc   0x0000000000002b9c        0x0 /usr/lib/gcc/avr/7.3.0/avr5/libgcc.a(_clear_bss.o)
 .text.libgcc.prologue
                0x0000000000002b9c        0x0 /usr/lib/gcc/avr/7.3.0/avr5/libgcc.a(_clear_bss.o)
 .text.libgcc.builtins
                0x0000000000002b9c        0x0 /usr/lib/gcc/avr/7.3.0/avr5/libgcc.a(_clear_bss.o)
 .text.libgcc.fmul
                0x0000000000002b9c        0x0 /usr/lib/gcc/avr/7.3.0/avr5/libgcc.a(_clear_bss.o)
 .text.libgcc.fixed
                0x0000000000002b9c        0x0 /usr/lib/gcc/avr/7.3.0/avr5/libgcc.a(_clear_bss.o)
 .text.avr-libc
                0x0000000000002b9c       0x12 /usr/lib/gcc/avr/7.3.0/../../../avr/lib/avr5/libc.a(memcpy.o)
                0x0000000000002b9c                memcpy
 .text.avr-libc
                0x0000000000002bae        0xe /usr/lib/gcc/avr/7.3.0/../../../avr/lib/avr5/libc.a(memset.o)
                0x0000000000002bae                memset
                0x0000000000002bbc                . = ALIGN (0x2)
 *(.fini9)
 .fini9         0x0000000000002bbc        0x0 /usr/lib/gcc/avr/7.3.0/avr5/libgcc.a(_exit.o)
                0x0000000000002bbc                exit
                0x0000000000002bbc                _exit
 *(.fini9)
 *(.fini8)
 *(.fini8)
 *(.fini7)
 *(.fini7)
 *(.fini6)
 *(.fini6)
 *(.fini5)
 *(.fini5)
 *(.fini4)
 *(.fini4)
 *(.fini3)
 *(.fini3)
 *(.fini2)
 *(.fini2)
 *(.fini1)
 *(.fini1)
 *(.fini0)
 .fini0         0x0000000000002bbc        0x4 /usr/lib/gcc/avr/7.3.0/avr5/libgcc.a(_exit.o)
 *(.fini0)
                0x0000000000002bc0                _etext = .

.data           0x0000000000800100       0x54 load address 0x0000000000002bc0
                0x0000000000800100                PROVIDE (__data_start, .)
 *(.data)
 .data          0x0000000000800100        0x0 /usr/lib/gcc/avr/7.3.0/../../../avr/lib/avr5/crtatmega328p.o
 .data          0x0000000000800100        0x0 build/OS/OsImplemetaion/Os.o
 .data          0x0000000000800100        0x0 build/OS/OsImplemetaion/OS_Interrupt.o
 .data          0x0000000000800100        0x0 build/OS/ThirdParty/Source/timers.o
 .data          0x0000000000800100        0x0 build/OS/ThirdParty/Source/queue.o
 .data          0x0000000000800100        0x0 build/OS/ThirdParty/Source/portable/GCC/ATMega328/port.o
 .data          0x0000000000800100        0x0 build/OS/ThirdParty/Source/portable/MemMang/heap_1.o
 .data          0x0000000000800100        0x2 build/OS/ThirdParty/Source/tasks.o
 .data          0x0000000000800102        0x0 build/OS/ThirdParty/Source/list.o
 .data          0x0000000000800102        0x0 build/OS/ThirdParty/Source/event_groups.o
 .data          0x0000000000800102        0x0 build/OS/ThirdParty/Source/croutine.o
 .data          0x0000000000800102        0x0 build/OS/OsHAL/OS_HAL_Interrupt.o
 .data          0x0000000000800102        0x0 build/OS/OsHAL/OsHAL.o
 .data          0x0000000000800102        0x0 build/GenData/GEN_SPI_Service_DATA_CFG.o
 .data          0x0000000000800102        0x0 build/GenData/GEN_GPT_Service_DATA_CFG.o
 .data          0x0000000000800102        0x0 build/GenData/GEN_ADC_Service_DATA_CFG.o
 .data          0x0000000000800102        0x0 build/GenData/GEN_DIO_Service_DATA_CFG.o
 .data          0x0000000000800102        0x0 build/GenData/GEN_UART_Service_DATA_CFG.o
 .data          0x0000000000800102        0x0 build/GenData/GEN_PWM_Service_DATA_CFG.o
 .data          0x0000000000800102        0x0 build/GenData/GEN_WDT_Service_DATA_CFG.o
 .data          0x0000000000800102        0x0 build/HAL/DIO/DIO.o
 .data          0x0000000000800102        0x6 build/HAL/GPT/GPT.o
                0x0000000000800102                asGPTTimersCfg
 .data          0x0000000000800108        0xe build/HAL/GPIO/GPIO.o
                0x0000000000800108                asGPIOPinsCfg
 .data          0x0000000000800116        0x6 build/HAL/PWM/PWM.o
                0x0000000000800116                asPWMPinsCfg
 .data          0x000000000080011c        0x0 build/HAL/WDT/WDT.o
 .data          0x000000000080011c        0x2 build/HAL/SPI/SPI.o
 .data          0x000000000080011e        0x0 build/HAL/ADC/ADC.o
 .data          0x000000000080011e        0x0 build/HAL/UART/UART.o
 .data          0x000000000080011e        0x0 build/Appl/CompLedIndicator/CompLedIndicator.o
 .data          0x000000000080011e        0x0 build/Services/GPT_Service/GPT_Service.o
 .data          0x000000000080011e        0x0 build/Services/UART_Service/UART_Service.o
 .data          0x000000000080011e        0x1 build/Services/SPI_Service/SPI_Service.o
                0x000000000080011e                txrx_done
 .data          0x000000000080011f        0x4 build/Services/IO_Service/IO_Service.o
                0x000000000080011f                IO_Service_Pin_data
 .data          0x0000000000800123        0x0 build/Services/DIO_Service/DIO_Service.o
 .data          0x0000000000800123        0x0 build/Services/ADC_Service/ADC_Service.o
 .data          0x0000000000800123        0x0 build/Services/WDT_Service/WDT_Service.o
 .data          0x0000000000800123        0x0 build/Services/PWM_Service/PWM_Service.o
 .data          0x0000000000800123        0x0 build/common/QueueImplemetation/Queue.o
 .data          0x0000000000800123        0x0 /usr/lib/gcc/avr/7.3.0/avr5/libgcc.a(_udivmodsi4.o)
 .data          0x0000000000800123        0x0 /usr/lib/gcc/avr/7.3.0/avr5/libgcc.a(_exit.o)
 .data          0x0000000000800123        0x0 /usr/lib/gcc/avr/7.3.0/avr5/libgcc.a(_copy_data.o)
 .data          0x0000000000800123        0x0 /usr/lib/gcc/avr/7.3.0/avr5/libgcc.a(_clear_bss.o)
 .data          0x0000000000800123        0x0 /usr/lib/gcc/avr/7.3.0/../../../avr/lib/avr5/libc.a(memcpy.o)
 .data          0x0000000000800123        0x0 /usr/lib/gcc/avr/7.3.0/../../../avr/lib/avr5/libc.a(memset.o)
 *(.data*)
 *(.gnu.linkonce.d*)
 *(.rodata)
 .rodata        0x0000000000800123        0x5 build/Appl/CompLedIndicator/CompLedIndicator.o
 *(.rodata*)
 .rodata.str1.1
                0x0000000000800128       0x27 build/OS/OsImplemetaion/Os.o
 .rodata.str1.1
                0x000000000080014f        0x5 build/OS/ThirdParty/Source/tasks.o
 *(.gnu.linkonce.r*)
                0x0000000000800154                . = ALIGN (0x2)
                0x0000000000800154                _edata = .
                0x0000000000800154                PROVIDE (__data_end, .)

.bss            0x0000000000800154      0x714
                0x0000000000800154                PROVIDE (__bss_start, .)
 *(.bss)
 .bss           0x0000000000800154        0x0 /usr/lib/gcc/avr/7.3.0/../../../avr/lib/avr5/crtatmega328p.o
 .bss           0x0000000000800154        0x0 build/OS/OsImplemetaion/Os.o
 .bss           0x0000000000800154        0x1 build/OS/OsImplemetaion/OS_Interrupt.o
                0x0000000000800154                gbGlobalInteruptsEnebled
 .bss           0x0000000000800155        0x0 build/OS/ThirdParty/Source/timers.o
 .bss           0x0000000000800155        0x0 build/OS/ThirdParty/Source/queue.o
 .bss           0x0000000000800155        0x0 build/OS/ThirdParty/Source/portable/GCC/ATMega328/port.o
 .bss           0x0000000000800155      0x5e0 build/OS/ThirdParty/Source/portable/MemMang/heap_1.o
 .bss           0x0000000000800735       0x4f build/OS/ThirdParty/Source/tasks.o
                0x0000000000800735                pxCurrentTCB
 .bss           0x0000000000800784        0x0 build/OS/ThirdParty/Source/list.o
 .bss           0x0000000000800784        0x0 build/OS/ThirdParty/Source/event_groups.o
 .bss           0x0000000000800784       0x3a build/OS/ThirdParty/Source/croutine.o
                0x0000000000800784                pxCurrentCoRoutine
 .bss           0x00000000008007be        0x0 build/OS/OsHAL/OS_HAL_Interrupt.o
 .bss           0x00000000008007be        0x0 build/OS/OsHAL/OsHAL.o
 .bss           0x00000000008007be        0x0 build/GenData/GEN_SPI_Service_DATA_CFG.o
 .bss           0x00000000008007be        0x0 build/GenData/GEN_GPT_Service_DATA_CFG.o
 .bss           0x00000000008007be        0x0 build/GenData/GEN_ADC_Service_DATA_CFG.o
 .bss           0x00000000008007be        0x0 build/GenData/GEN_DIO_Service_DATA_CFG.o
 .bss           0x00000000008007be        0x0 build/GenData/GEN_UART_Service_DATA_CFG.o
 .bss           0x00000000008007be        0x0 build/GenData/GEN_PWM_Service_DATA_CFG.o
 .bss           0x00000000008007be        0x0 build/GenData/GEN_WDT_Service_DATA_CFG.o
 .bss           0x00000000008007be        0x0 build/HAL/DIO/DIO.o
 .bss           0x00000000008007be        0x0 build/HAL/GPT/GPT.o
 .bss           0x00000000008007be        0x0 build/HAL/GPIO/GPIO.o
 .bss           0x00000000008007be        0x0 build/HAL/PWM/PWM.o
 .bss           0x00000000008007be        0x1 build/HAL/WDT/WDT.o
                0x00000000008007be                gu8WdtPrescalarMask
 .bss           0x00000000008007bf        0x2 build/HAL/SPI/SPI.o
                0x00000000008007bf                psRxQueue
 .bss           0x00000000008007c1        0x1 build/HAL/ADC/ADC.o
                0x00000000008007c1                au8ADCPinsCfg
 .bss           0x00000000008007c2        0x0 build/HAL/UART/UART.o
 .bss           0x00000000008007c2        0x0 build/Appl/CompLedIndicator/CompLedIndicator.o
 .bss           0x00000000008007c2        0x0 build/Services/GPT_Service/GPT_Service.o
 .bss           0x00000000008007c2        0x0 build/Services/UART_Service/UART_Service.o
 .bss           0x00000000008007c2        0x0 build/Services/SPI_Service/SPI_Service.o
 .bss           0x00000000008007c2        0x0 build/Services/IO_Service/IO_Service.o
 .bss           0x00000000008007c2        0x0 build/Services/DIO_Service/DIO_Service.o
 .bss           0x00000000008007c2        0x0 build/Services/ADC_Service/ADC_Service.o
 .bss           0x00000000008007c2        0x0 build/Services/WDT_Service/WDT_Service.o
 .bss           0x00000000008007c2        0x0 build/Services/PWM_Service/PWM_Service.o
 .bss           0x00000000008007c2        0x0 build/common/QueueImplemetation/Queue.o
 .bss           0x00000000008007c2        0x0 /usr/lib/gcc/avr/7.3.0/avr5/libgcc.a(_udivmodsi4.o)
 .bss           0x00000000008007c2        0x0 /usr/lib/gcc/avr/7.3.0/avr5/libgcc.a(_exit.o)
 .bss           0x00000000008007c2        0x0 /usr/lib/gcc/avr/7.3.0/avr5/libgcc.a(_copy_data.o)
 .bss           0x00000000008007c2        0x0 /usr/lib/gcc/avr/7.3.0/avr5/libgcc.a(_clear_bss.o)
 .bss           0x00000000008007c2        0x0 /usr/lib/gcc/avr/7.3.0/../../../avr/lib/avr5/libc.a(memcpy.o)
 .bss           0x00000000008007c2        0x0 /usr/lib/gcc/avr/7.3.0/../../../avr/lib/avr5/libc.a(memset.o)
 *(.bss*)
 *(COMMON)
 COMMON         0x00000000008007c2       0x16 build/GenData/GEN_SPI_Service_DATA_CFG.o
                0x00000000008007c2                SPI_Service_SPI_0_spiRxBuffer
                0x00000000008007cc                SPI_Service_SpiHwCfg_data
 COMMON         0x00000000008007d8        0x5 build/GenData/GEN_GPT_Service_DATA_CFG.o
                0x00000000008007d8                GPT_Service_GptCfg_data
 COMMON         0x00000000008007dd       0x7c build/GenData/GEN_UART_Service_DATA_CFG.o
                0x00000000008007dd                UART_Service_UART_0_uartRxBuffer
                0x000000000080080f                UART_Service_UART_0_uartTxBuffer
                0x0000000000800841                UART_Service_UartHwCfg_data
 COMMON         0x0000000000800859        0x3 build/GenData/GEN_PWM_Service_DATA_CFG.o
                0x0000000000800859                PWM_Service_PwmCfg_data
 COMMON         0x000000000080085c        0x7 build/GenData/GEN_WDT_Service_DATA_CFG.o
                0x000000000080085c                WDT_Service_WdtCfg_data
 COMMON         0x0000000000800863        0x5 build/HAL/SPI/SPI.o
                0x0000000000800863                pu8TransmitRxData
                0x0000000000800865                pbTxRxDone
                0x0000000000800867                u8TransmitRxDataBuffer
                0x0000000000800868                PROVIDE (__bss_end, .)
                0x0000000000002bc0                __data_load_start = LOADADDR (.data)
                0x0000000000002c14                __data_load_end = (__data_load_start + SIZEOF (.data))

.noinit         0x0000000000800868        0x0
                [!provide]                        PROVIDE (__noinit_start, .)
 *(.noinit*)
                [!provide]                        PROVIDE (__noinit_end, .)
                0x0000000000800868                _end = .
                [!provide]                        PROVIDE (__heap_start, .)

.eeprom         0x0000000000810000        0x0
 *(.eeprom*)
                0x0000000000810000                __eeprom_end = .

.fuse
 *(.fuse)
 *(.lfuse)
 *(.hfuse)
 *(.efuse)

.lock
 *(.lock*)

.signature
 *(.signature*)

.user_signatures
 *(.user_signatures*)

.stab
 *(.stab)

.stabstr
 *(.stabstr)

.stab.excl
 *(.stab.excl)

.stab.exclstr
 *(.stab.exclstr)

.stab.index
 *(.stab.index)

.stab.indexstr
 *(.stab.indexstr)

.comment        0x0000000000000000       0x11
 *(.comment)
 .comment       0x0000000000000000       0x11 build/OS/OsImplemetaion/Os.o
                                         0x12 (size before relaxing)
 .comment       0x0000000000000011       0x12 build/OS/OsImplemetaion/OS_Interrupt.o
 .comment       0x0000000000000011       0x12 build/OS/ThirdParty/Source/timers.o
 .comment       0x0000000000000011       0x12 build/OS/ThirdParty/Source/queue.o
 .comment       0x0000000000000011       0x12 build/OS/ThirdParty/Source/portable/GCC/ATMega328/port.o
 .comment       0x0000000000000011       0x12 build/OS/ThirdParty/Source/portable/MemMang/heap_1.o
 .comment       0x0000000000000011       0x12 build/OS/ThirdParty/Source/tasks.o
 .comment       0x0000000000000011       0x12 build/OS/ThirdParty/Source/list.o
 .comment       0x0000000000000011       0x12 build/OS/ThirdParty/Source/event_groups.o
 .comment       0x0000000000000011       0x12 build/OS/ThirdParty/Source/croutine.o
 .comment       0x0000000000000011       0x12 build/OS/OsHAL/OS_HAL_Interrupt.o
 .comment       0x0000000000000011       0x12 build/OS/OsHAL/OsHAL.o
 .comment       0x0000000000000011       0x12 build/GenData/GEN_SPI_Service_DATA_CFG.o
 .comment       0x0000000000000011       0x12 build/GenData/GEN_GPT_Service_DATA_CFG.o
 .comment       0x0000000000000011       0x12 build/GenData/GEN_ADC_Service_DATA_CFG.o
 .comment       0x0000000000000011       0x12 build/GenData/GEN_DIO_Service_DATA_CFG.o
 .comment       0x0000000000000011       0x12 build/GenData/GEN_UART_Service_DATA_CFG.o
 .comment       0x0000000000000011       0x12 build/GenData/GEN_PWM_Service_DATA_CFG.o
 .comment       0x0000000000000011       0x12 build/GenData/GEN_WDT_Service_DATA_CFG.o
 .comment       0x0000000000000011       0x12 build/HAL/DIO/DIO.o
 .comment       0x0000000000000011       0x12 build/HAL/GPT/GPT.o
 .comment       0x0000000000000011       0x12 build/HAL/GPIO/GPIO.o
 .comment       0x0000000000000011       0x12 build/HAL/PWM/PWM.o
 .comment       0x0000000000000011       0x12 build/HAL/WDT/WDT.o
 .comment       0x0000000000000011       0x12 build/HAL/SPI/SPI.o
 .comment       0x0000000000000011       0x12 build/HAL/ADC/ADC.o
 .comment       0x0000000000000011       0x12 build/HAL/UART/UART.o
 .comment       0x0000000000000011       0x12 build/Appl/CompLedIndicator/CompLedIndicator.o
 .comment       0x0000000000000011       0x12 build/Services/GPT_Service/GPT_Service.o
 .comment       0x0000000000000011       0x12 build/Services/UART_Service/UART_Service.o
 .comment       0x0000000000000011       0x12 build/Services/SPI_Service/SPI_Service.o
 .comment       0x0000000000000011       0x12 build/Services/IO_Service/IO_Service.o
 .comment       0x0000000000000011       0x12 build/Services/DIO_Service/DIO_Service.o
 .comment       0x0000000000000011       0x12 build/Services/ADC_Service/ADC_Service.o
 .comment       0x0000000000000011       0x12 build/Services/WDT_Service/WDT_Service.o
 .comment       0x0000000000000011       0x12 build/Services/PWM_Service/PWM_Service.o
 .comment       0x0000000000000011       0x12 build/common/QueueImplemetation/Queue.o

.note.gnu.avr.deviceinfo
                0x0000000000000000       0x40
 .note.gnu.avr.deviceinfo
                0x0000000000000000       0x40 /usr/lib/gcc/avr/7.3.0/../../../avr/lib/avr5/crtatmega328p.o

.note.gnu.build-id
 *(.note.gnu.build-id)

.debug
 *(.debug)

.line
 *(.line)

.debug_srcinfo
 *(.debug_srcinfo)

.debug_sfnames
 *(.debug_sfnames)

.debug_aranges
 *(.debug_aranges)

.debug_pubnames
 *(.debug_pubnames)

.debug_info     0x0000000000000000      0x5f4
 *(.debug_info .gnu.linkonce.wi.*)
 .debug_info    0x0000000000000000      0x5f4 /usr/lib/gcc/avr/7.3.0/../../../avr/lib/avr5/crtatmega328p.o

.debug_abbrev   0x0000000000000000      0x5a2
 *(.debug_abbrev)
 .debug_abbrev  0x0000000000000000      0x5a2 /usr/lib/gcc/avr/7.3.0/../../../avr/lib/avr5/crtatmega328p.o

.debug_line     0x0000000000000000       0x1a
 *(.debug_line .debug_line.* .debug_line_end)
 .debug_line    0x0000000000000000       0x1a /usr/lib/gcc/avr/7.3.0/../../../avr/lib/avr5/crtatmega328p.o

.debug_frame
 *(.debug_frame)

.debug_str      0x0000000000000000      0x208
 *(.debug_str)
 .debug_str     0x0000000000000000      0x208 /usr/lib/gcc/avr/7.3.0/../../../avr/lib/avr5/crtatmega328p.o

.debug_loc
 *(.debug_loc)

.debug_macinfo
 *(.debug_macinfo)

.debug_weaknames
 *(.debug_weaknames)

.debug_funcnames
 *(.debug_funcnames)

.debug_typenames
 *(.debug_typenames)

.debug_varnames
 *(.debug_varnames)

.debug_pubtypes
 *(.debug_pubtypes)

.debug_ranges
 *(.debug_ranges)

.debug_macro
 *(.debug_macro)
OUTPUT(build/Proj1.elf elf32-avr)
LOAD linker stubs
